Archive member included to satisfy reference by file (symbol)

/Applications/ARM/bin/../lib/gcc/arm-none-eabi/10.3.1/thumb/v7e-m+dp/hard/libgcc.a(_aeabi_uldivmod.o)
                              build/./teensy4/Print.cpp.o (__aeabi_uldivmod)
/Applications/ARM/bin/../lib/gcc/arm-none-eabi/10.3.1/thumb/v7e-m+dp/hard/libgcc.a(_udivmoddi4.o)
                              /Applications/ARM/bin/../lib/gcc/arm-none-eabi/10.3.1/thumb/v7e-m+dp/hard/libgcc.a(_aeabi_uldivmod.o) (__udivmoddi4)
/Applications/ARM/bin/../lib/gcc/arm-none-eabi/10.3.1/thumb/v7e-m+dp/hard/libgcc.a(_dvmd_tls.o)
                              /Applications/ARM/bin/../lib/gcc/arm-none-eabi/10.3.1/thumb/v7e-m+dp/hard/libgcc.a(_aeabi_uldivmod.o) (__aeabi_ldiv0)
/Applications/ARM/bin/../lib/gcc/arm-none-eabi/10.3.1/../../../../arm-none-eabi/lib/thumb/v7e-m+dp/hard/libc.a(lib_a-aeabi_atexit.o)
                              build/./teensy4/Tone.cpp.o (__aeabi_atexit)
/Applications/ARM/bin/../lib/gcc/arm-none-eabi/10.3.1/../../../../arm-none-eabi/lib/thumb/v7e-m+dp/hard/libc.a(lib_a-atoi.o)
                              build/./libraries/TeensyDebug/src/gdbstub.cpp.o (atoi)
/Applications/ARM/bin/../lib/gcc/arm-none-eabi/10.3.1/../../../../arm-none-eabi/lib/thumb/v7e-m+dp/hard/libc.a(lib_a-atol.o)
                              build/./teensy4/WString.cpp.o (atol)
/Applications/ARM/bin/../lib/gcc/arm-none-eabi/10.3.1/../../../../arm-none-eabi/lib/thumb/v7e-m+dp/hard/libc.a(lib_a-cxa_atexit.o)
                              /Applications/ARM/bin/../lib/gcc/arm-none-eabi/10.3.1/../../../../arm-none-eabi/lib/thumb/v7e-m+dp/hard/libc.a(lib_a-aeabi_atexit.o) (__cxa_atexit)
/Applications/ARM/bin/../lib/gcc/arm-none-eabi/10.3.1/../../../../arm-none-eabi/lib/thumb/v7e-m+dp/hard/libc.a(lib_a-efgcvt.o)
                              build/./teensy4/nonstd.c.o (fcvtf)
/Applications/ARM/bin/../lib/gcc/arm-none-eabi/10.3.1/../../../../arm-none-eabi/lib/thumb/v7e-m+dp/hard/libc.a(lib_a-errno.o)
                              build/./teensy4/sm_malloc_stats.c.o (__errno)
/Applications/ARM/bin/../lib/gcc/arm-none-eabi/10.3.1/../../../../arm-none-eabi/lib/thumb/v7e-m+dp/hard/libc.a(lib_a-exit.o)
                              /Applications/ARM/bin/../lib/gcc/arm-none-eabi/10.3.1/../../../../arm-none-eabi/lib/thumb/v7e-m+dp/hard/crt0.o (exit)
/Applications/ARM/bin/../lib/gcc/arm-none-eabi/10.3.1/../../../../arm-none-eabi/lib/thumb/v7e-m+dp/hard/libc.a(lib_a-impure.o)
                              /Applications/ARM/bin/../lib/gcc/arm-none-eabi/10.3.1/../../../../arm-none-eabi/lib/thumb/v7e-m+dp/hard/libc.a(lib_a-exit.o) (_global_impure_ptr)
/Applications/ARM/bin/../lib/gcc/arm-none-eabi/10.3.1/../../../../arm-none-eabi/lib/thumb/v7e-m+dp/hard/libc.a(lib_a-init.o)
                              /Applications/ARM/bin/../lib/gcc/arm-none-eabi/10.3.1/../../../../arm-none-eabi/lib/thumb/v7e-m+dp/hard/crt0.o (__libc_init_array)
/Applications/ARM/bin/../lib/gcc/arm-none-eabi/10.3.1/../../../../arm-none-eabi/lib/thumb/v7e-m+dp/hard/libc.a(lib_a-isspace.o)
                              build/./teensy4/WString.cpp.o (isspace)
/Applications/ARM/bin/../lib/gcc/arm-none-eabi/10.3.1/../../../../arm-none-eabi/lib/thumb/v7e-m+dp/hard/libc.a(lib_a-itoa.o)
                              build/./teensy4/WString.cpp.o (itoa)
/Applications/ARM/bin/../lib/gcc/arm-none-eabi/10.3.1/../../../../arm-none-eabi/lib/thumb/v7e-m+dp/hard/libc.a(lib_a-malloc.o)
                              build/./teensy4/WString.cpp.o (malloc)
/Applications/ARM/bin/../lib/gcc/arm-none-eabi/10.3.1/../../../../arm-none-eabi/lib/thumb/v7e-m+dp/hard/libc.a(lib_a-mallocr.o)
                              /Applications/ARM/bin/../lib/gcc/arm-none-eabi/10.3.1/../../../../arm-none-eabi/lib/thumb/v7e-m+dp/hard/libc.a(lib_a-malloc.o) (_malloc_r)
/Applications/ARM/bin/../lib/gcc/arm-none-eabi/10.3.1/../../../../arm-none-eabi/lib/thumb/v7e-m+dp/hard/libc.a(lib_a-memcpy.o)
                              build/./teensy4/usb.c.o (memcpy)
/Applications/ARM/bin/../lib/gcc/arm-none-eabi/10.3.1/../../../../arm-none-eabi/lib/thumb/v7e-m+dp/hard/libc.a(lib_a-memmove.o)
                              build/./teensy4/WString.cpp.o (memmove)
/Applications/ARM/bin/../lib/gcc/arm-none-eabi/10.3.1/../../../../arm-none-eabi/lib/thumb/v7e-m+dp/hard/libc.a(lib_a-memset.o)
                              /Applications/ARM/bin/../lib/gcc/arm-none-eabi/10.3.1/../../../../arm-none-eabi/lib/thumb/v7e-m+dp/hard/crt0.o (memset)
/Applications/ARM/bin/../lib/gcc/arm-none-eabi/10.3.1/../../../../arm-none-eabi/lib/thumb/v7e-m+dp/hard/libc.a(lib_a-mlock.o)
                              /Applications/ARM/bin/../lib/gcc/arm-none-eabi/10.3.1/../../../../arm-none-eabi/lib/thumb/v7e-m+dp/hard/libc.a(lib_a-mallocr.o) (__malloc_lock)
/Applications/ARM/bin/../lib/gcc/arm-none-eabi/10.3.1/../../../../arm-none-eabi/lib/thumb/v7e-m+dp/hard/libc.a(lib_a-realloc.o)
                              build/./teensy4/WString.cpp.o (realloc)
[...]
Memory Configuration

Name             Origin             Length             Attributes
ITCM             0x0000000000000000 0x0000000000080000 xrw
DTCM             0x0000000020000000 0x0000000000080000 xrw
RAM              0x0000000020200000 0x0000000000080000 xrw
FLASH            0x0000000060000000 0x00000000007c0000 xrw
ERAM             0x0000000070000000 0x0000000001000000 xrw
*default*        0x0000000000000000 0xffffffffffffffff

Linker script and memory map

LOAD /Applications/ARM/bin/../lib/gcc/arm-none-eabi/10.3.1/thumb/v7e-m+dp/hard/crti.o
LOAD /Applications/ARM/bin/../lib/gcc/arm-none-eabi/10.3.1/thumb/v7e-m+dp/hard/crtbegin.o
LOAD /Applications/ARM/bin/../lib/gcc/arm-none-eabi/10.3.1/../../../../arm-none-eabi/lib/thumb/v7e-m+dp/hard/crt0.o
LOAD build/./user/main.cpp.o
LOAD build/./teensy4/sm_hash.c.o
LOAD build/./teensy4/sm_realloc_move.c.o
LOAD build/./teensy4/keylayouts.c.o
LOAD build/./teensy4/sm_zalloc.c.o
LOAD build/./teensy4/clockspeed.c.o
LOAD build/./teensy4/sm_realloc.c.o
LOAD build/./teensy4/interrupt.c.o
LOAD build/./teensy4/digital.c.o
LOAD build/./teensy4/tempmon.c.o
LOAD build/./teensy4/bootdata.c.o
LOAD build/./teensy4/usb.c.o
LOAD build/./teensy4/Tone.cpp.o
LOAD build/./teensy4/sm_malloc_stats.c.o
LOAD build/./teensy4/rtc.c.o
LOAD build/./teensy4/usb_joystick.c.o
LOAD build/./teensy4/usb_mouse.c.o
LOAD build/./teensy4/analog.c.o
LOAD build/./teensy4/usb_seremu.c.o
LOAD build/./teensy4/serialEventUSB2.cpp.o
LOAD build/./teensy4/IPAddress.cpp.o
LOAD build/./teensy4/nonstd.c.o
LOAD build/./teensy4/libc.c.o
LOAD build/./teensy4/serialEventUSB1.cpp.o
LOAD build/./teensy4/sm_util.c.o
LOAD build/./teensy4/WString.cpp.o
LOAD build/./teensy4/DMAChannel.cpp.o
LOAD build/./teensy4/debugprintf.c.o
LOAD build/./teensy4/Print.cpp.o
LOAD build/./teensy4/delay.c.o
LOAD build/./teensy4/AudioStream.cpp.o
LOAD build/./teensy4/HardwareSerial8.cpp.o
LOAD build/./teensy4/serialEvent8.cpp.o
LOAD build/./teensy4/usb_serial3.c.o
LOAD build/./teensy4/new.cpp.o
LOAD build/./teensy4/serialEvent6.cpp.o
LOAD build/./teensy4/sm_calloc.c.o
LOAD build/./teensy4/HardwareSerial7.cpp.o
LOAD build/./teensy4/HardwareSerial.cpp.o
LOAD build/./teensy4/eeprom.c.o
LOAD build/./teensy4/HardwareSerial6.cpp.o
LOAD build/./teensy4/serialEvent7.cpp.o
LOAD build/./teensy4/serialEvent5.cpp.o
LOAD build/./teensy4/HardwareSerial4.cpp.o
LOAD build/./teensy4/HardwareSerial5.cpp.o
LOAD build/./teensy4/serialEvent4.cpp.o
LOAD build/./teensy4/sm_realloc_i.c.o
LOAD build/./teensy4/serialEvent.cpp.o
LOAD build/./teensy4/Stream.cpp.o
LOAD build/./teensy4/HardwareSerial1.cpp.o
LOAD build/./teensy4/serialEvent1.cpp.o
LOAD build/./teensy4/usb_serial2.c.o
LOAD build/./teensy4/HardwareSerial2.cpp.o
LOAD build/./teensy4/sm_malloc.c.o
LOAD build/./teensy4/serialEvent3.cpp.o
LOAD build/./teensy4/extmem.c.o
LOAD build/./teensy4/serialEvent2.cpp.o
LOAD build/./teensy4/HardwareSerial3.cpp.o
LOAD build/./teensy4/usb_midi.c.o
LOAD build/./teensy4/sm_pool.c.o
LOAD build/./teensy4/usb_flightsim.cpp.o
LOAD build/./teensy4/usb_keyboard.c.o
LOAD build/./teensy4/usb_mtp.c.o
LOAD build/./teensy4/usb_rawhid.c.o
LOAD build/./teensy4/IntervalTimer.cpp.o
LOAD build/./teensy4/pwm.c.o
LOAD build/./teensy4/sm_alloc_valid.c.o
LOAD build/./teensy4/usb_serial.c.o
LOAD build/./teensy4/usb_audio.cpp.o
LOAD build/./teensy4/sm_szalloc.c.o
LOAD build/./teensy4/usb_inst.cpp.o
LOAD build/./teensy4/sm_free.c.o
LOAD build/./teensy4/usb_touch.c.o
LOAD build/./teensy4/fuse.c.o
LOAD build/./teensy4/CrashReport.cpp.o
LOAD build/./teensy4/usb_desc.c.o
LOAD build/./teensy4/yield.cpp.o
LOAD build/./teensy4/startup.c.o
LOAD build/./teensy4/Time.cpp.o
LOAD build/./teensy4/EventResponder.cpp.o
LOAD build/./teensy4/WMath.cpp.o
LOAD build/./libraries/SST_ARM/sst/source/sst.c.o
LOAD build/./libraries/SST_ARM/sst/source/sst_port.c.o
LOAD build/./libraries/mcurses/src/mcurses.c.o
LOAD build/./libraries/mcurses/src/hexedit.c.o
LOAD build/./libraries/mcurses/src/editor.c.o
LOAD build/./libraries/TeensyDebug/src/gdbstub.cpp.o
LOAD build/./libraries/TeensyDebug/src/TeensyDebug.cpp.o
LOAD build/./libraries/MicroNMEA/src/MicroNMEA.cpp.o
START GROUP
LOAD /Applications/ARM/bin/../lib/gcc/arm-none-eabi/10.3.1/thumb/v7e-m+dp/hard/libgcc.a
LOAD /Applications/ARM/bin/../lib/gcc/arm-none-eabi/10.3.1/../../../../arm-none-eabi/lib/thumb/v7e-m+dp/hard/libc.a
END GROUP
LOAD /Applications/ARM/bin/../lib/gcc/arm-none-eabi/10.3.1/thumb/v7e-m+dp/hard/crtend.o
LOAD /Applications/ARM/bin/../lib/gcc/arm-none-eabi/10.3.1/thumb/v7e-m+dp/hard/crtn.o

.text.headers   0x0000000060000000     0x1400
 *(.flashconfig)
 .flashconfig   0x0000000060000000      0x200 build/./teensy4/bootdata.c.o
                0x0000000060000000                FlexSPI_NOR_Config
 FILL mask 0xff
                0x0000000060001000                . = (ORIGIN (FLASH) + 0x1000)
 *fill*         0x0000000060000200      0xe00 ff
 *(.ivt)
 .ivt           0x0000000060001000       0x20 build/./teensy4/bootdata.c.o
                0x0000000060001000                ImageVectorTable
 *(.bootdata)
 .bootdata      0x0000000060001020        0xc build/./teensy4/bootdata.c.o
                0x0000000060001020                BootData
                0x0000000060001400                . = ALIGN (0x400)
 *fill*         0x000000006000102c      0x3d4 ff

.text.code      0x0000000060001400      0xa74
 *(.startup)
 .startup       0x0000000060001400      0x248 build/./teensy4/startup.c.o
                0x0000000060001428                ResetHandler
 *(.flashmem*)
 .flashmem      0x0000000060001648      0x12c build/./teensy4/tempmon.c.o
                0x0000000060001648                tempmon_init
 .flashmem      0x0000000060001774      0x13c build/./teensy4/usb.c.o
                0x0000000060001774                usb_init
                0x000000006000185c                _reboot_Teensyduino_
 .flashmem      0x00000000600018b0       0x54 build/./teensy4/analog.c.o
                0x00000000600018b0                analog_init
 .flashmem      0x0000000060001904      0x4ec build/./teensy4/startup.c.o
                0x0000000060001904                startup_early_hook
                0x0000000060001904                startup_default_early_hook
                0x0000000060001908                startup_middle_hook
                0x0000000060001908                startup_default_middle_hook
                0x000000006000190c                startup_default_late_hook
                0x000000006000190c                startup_late_hook
                0x0000000060001910                configure_cache
                0x0000000060001a08                configure_external_ram
                0x0000000060001d94                usb_pll_start
                0x0000000060001df0                . = ALIGN (0x4)
 *(.init)
 .init          0x0000000060001df0        0x4 /Applications/ARM/bin/../lib/gcc/arm-none-eabi/10.3.1/thumb/v7e-m+dp/hard/crti.o
                0x0000000060001df0                _init
 .init          0x0000000060001df4        0x8 /Applications/ARM/bin/../lib/gcc/arm-none-eabi/10.3.1/thumb/v7e-m+dp/hard/crtn.o
 *fill*         0x0000000060001dfc        0x4 
 .init.__stub   0x0000000060001e00       0x40 linker stubs
                0x0000000060001e40                __preinit_array_start = .
 *(.preinit_array)
                0x0000000060001e40                __preinit_array_end = .
                0x0000000060001e40                __init_array_start = .
 *(.init_array)
 .init_array    0x0000000060001e40        0x4 /Applications/ARM/bin/../lib/gcc/arm-none-eabi/10.3.1/thumb/v7e-m+dp/hard/crtbegin.o
 .init_array    0x0000000060001e44        0x4 build/./user/main.cpp.o
 .init_array    0x0000000060001e48        0x4 build/./teensy4/Tone.cpp.o
 .init_array    0x0000000060001e4c        0x4 build/./teensy4/HardwareSerial8.cpp.o
 .init_array    0x0000000060001e50        0x4 build/./teensy4/HardwareSerial7.cpp.o
 .init_array    0x0000000060001e54        0x4 build/./teensy4/HardwareSerial6.cpp.o
 .init_array    0x0000000060001e58        0x4 build/./teensy4/HardwareSerial4.cpp.o
 .init_array    0x0000000060001e5c        0x4 build/./teensy4/HardwareSerial5.cpp.o
 .init_array    0x0000000060001e60        0x4 build/./teensy4/HardwareSerial1.cpp.o
 .init_array    0x0000000060001e64        0x4 build/./teensy4/HardwareSerial2.cpp.o
 .init_array    0x0000000060001e68        0x4 build/./teensy4/HardwareSerial3.cpp.o
 .init_array    0x0000000060001e6c        0x4 build/./libraries/TeensyDebug/src/gdbstub.cpp.o
 .init_array    0x0000000060001e70        0x4 build/./libraries/TeensyDebug/src/TeensyDebug.cpp.o
                0x0000000060001e74                __init_array_end = .
                0x0000000060001e74                . = ALIGN (0x4)

.text.progmem   0x0000000060001e74      0x16c
 *(.progmem*)
 .progmem       0x0000000060001e74        0x1 build/./teensy4/serialEventUSB1.cpp.o
                0x0000000060001e74                _serialEventUSB1_default
 .progmem       0x0000000060001e75        0x1 build/./teensy4/serialEvent8.cpp.o
                0x0000000060001e75                _serialEvent8_default
 .progmem       0x0000000060001e76        0x1 build/./teensy4/serialEvent6.cpp.o
                0x0000000060001e76                _serialEvent6_default
 .progmem       0x0000000060001e77        0x1 build/./teensy4/serialEvent7.cpp.o
                0x0000000060001e77                _serialEvent7_default
 .progmem       0x0000000060001e78        0x1 build/./teensy4/serialEvent5.cpp.o
                0x0000000060001e78                _serialEvent5_default
 .progmem       0x0000000060001e79        0x1 build/./teensy4/serialEvent4.cpp.o
                0x0000000060001e79                _serialEvent4_default
 .progmem       0x0000000060001e7a        0x1 build/./teensy4/serialEvent.cpp.o
                0x0000000060001e7a                _serialEvent_default
 .progmem       0x0000000060001e7b        0x1 build/./teensy4/serialEvent1.cpp.o
                0x0000000060001e7b                _serialEvent1_default
 .progmem       0x0000000060001e7c        0x1 build/./teensy4/serialEvent3.cpp.o
                0x0000000060001e7c                _serialEvent3_default
 .progmem       0x0000000060001e7d        0x1 build/./teensy4/serialEvent2.cpp.o
                0x0000000060001e7d                _serialEvent2_default
 *fill*         0x0000000060001e7e        0x2 
 .progmem       0x0000000060001e80      0x15e build/./teensy4/usb_desc.c.o
                0x0000000060001e80                usb_string_product_name
                0x0000000060001e80                usb_string_product_name_default
                0x0000000060001e98                usb_string_manufacturer_name_default
                0x0000000060001e98                usb_string_manufacturer_name
                0x0000000060001eb0                string0
                0x0000000060001eb4                usb_config_descriptor_12
                0x0000000060001f44                usb_config_descriptor_480
                0x0000000060001fe0                . = ALIGN (0x4)
 *fill*         0x0000000060001fde        0x2 

.text.itcm      0x0000000000000000     0x3d80 load address 0x0000000060001fe0
                0x0000000000000020                . = (. + 0x20)
 *fill*         0x0000000000000000       0x20 
 *(.fastrun)
 *(.text*)
 .text          0x0000000000000020       0x40 /Applications/ARM/bin/../lib/gcc/arm-none-eabi/10.3.1/thumb/v7e-m+dp/hard/crtbegin.o
 .text.startup._GLOBAL__sub_I_console
                0x0000000000000060       0x14 build/./user/main.cpp.o
 *fill*         0x0000000000000074        0x4 
 .text.startup.main
                0x0000000000000078      0x324 build/./user/main.cpp.o
                0x0000000000000078                main
 .text.set_arm_clock
                0x000000000000039c      0x2d8 build/./teensy4/clockspeed.c.o
                0x000000000000039c                set_arm_clock
 .text.pinMode  0x0000000000000674       0x70 build/./teensy4/digital.c.o
                0x0000000000000674                pinMode
 .text.Panic_Temp_isr
                0x00000000000006e4        0x4 build/./teensy4/tempmon.c.o
                0x00000000000006e4                Panic_Temp_isr
 .text.tempmonGetTemp
                0x00000000000006e8       0x64 build/./teensy4/tempmon.c.o
                0x00000000000006e8                tempmonGetTemp
 .text.schedule_transfer
                0x000000000000074c       0x88 build/./teensy4/usb.c.o
 .text.run_callbacks
                0x00000000000007d4       0x38 build/./teensy4/usb.c.o
 .text.endpoint0_transmit.constprop.0
                0x000000000000080c       0x98 build/./teensy4/usb.c.o
 .text.usb_stop_sof_interrupts
                0x00000000000008a4       0x2c build/./teensy4/usb.c.o
                0x00000000000008a4                usb_stop_sof_interrupts
 .text.usb_isr  0x00000000000008d0      0x638 build/./teensy4/usb.c.o
                0x00000000000008d0                usb_isr
 .text.usb_config_rx
                0x0000000000000f08       0x54 build/./teensy4/usb.c.o
                0x0000000000000f08                usb_config_rx
 .text.usb_config_tx
                0x0000000000000f5c       0x68 build/./teensy4/usb.c.o
                0x0000000000000f5c                usb_config_tx
 .text.usb_prepare_transfer
                0x0000000000000fc4       0x30 build/./teensy4/usb.c.o
                0x0000000000000fc4                usb_prepare_transfer
 .text.usb_transmit
                0x0000000000000ff4       0x28 build/./teensy4/usb.c.o
                0x0000000000000ff4                usb_transmit
 .text.usb_receive
                0x000000000000101c       0x1c build/./teensy4/usb.c.o
                0x000000000000101c                usb_receive
 .text.usb_transfer_status
                0x0000000000001038        0x4 build/./teensy4/usb.c.o
                0x0000000000001038                usb_transfer_status
 .text._ZN13IntervalTimerD2Ev
                0x000000000000103c        0xc build/./teensy4/Tone.cpp.o
                0x000000000000103c                IntervalTimer::~IntervalTimer()
                0x000000000000103c                IntervalTimer::~IntervalTimer()
 .text.startup._GLOBAL__sub_I__Z4tonehtm
                0x0000000000001048       0x18 build/./teensy4/Tone.cpp.o
 .text.rtc_get  0x0000000000001060       0x24 build/./teensy4/rtc.c.o
                0x0000000000001060                rtc_get
 .text.ultoa    0x0000000000001084       0x64 build/./teensy4/nonstd.c.o
                0x0000000000001084                ultoa
 .text._Z15serialEventUSB1v
                0x00000000000010e8        0x4 build/./teensy4/serialEventUSB1.cpp.o
                0x00000000000010e8                serialEventUSB1()
 .text._ZN5Print5writeEPKhj
                0x00000000000010ec       0x30 build/./teensy4/Print.cpp.o
                0x00000000000010ec                Print::write(unsigned char const*, unsigned int)
 .text._ZN5Print11printNumberEmhh.part.0
                0x000000000000111c       0x80 build/./teensy4/Print.cpp.o
 .text._ZN5Print5printEl
                0x000000000000119c       0x18 build/./teensy4/Print.cpp.o
                0x000000000000119c                Print::print(long)
 .text._ZN5Print7printlnEv
                0x00000000000011b4       0x1c build/./teensy4/Print.cpp.o
                0x00000000000011b4                Print::println()
 .text._ZN5Print11printNumberEmhh
                0x00000000000011d0       0x14 build/./teensy4/Print.cpp.o
                0x00000000000011d0                Print::printNumber(unsigned long, unsigned char, unsigned char)
 *fill*         0x00000000000011e4        0x4 
 .text._ZN5Print10printFloatEdh
                0x00000000000011e8      0x15c build/./teensy4/Print.cpp.o
                0x00000000000011e8                Print::printFloat(double, unsigned char)
 .text.delay    0x0000000000001344       0xac build/./teensy4/delay.c.o
                0x0000000000001344                delay
 .text.IRQHandler_Serial8
                0x00000000000013f0        0xc build/./teensy4/HardwareSerial8.cpp.o
                0x00000000000013f0                IRQHandler_Serial8
 .text.startup._GLOBAL__sub_I_IRQHandler_Serial8
                0x00000000000013fc       0x78 build/./teensy4/HardwareSerial8.cpp.o
 .text._Z12serialEvent8v
                0x0000000000001474        0x4 build/./teensy4/serialEvent8.cpp.o
                0x0000000000001474                serialEvent8()
 .text._Z12serialEvent6v
                0x0000000000001478        0x4 build/./teensy4/serialEvent6.cpp.o
                0x0000000000001478                serialEvent6()
 .text.IRQHandler_Serial7
                0x000000000000147c        0xc build/./teensy4/HardwareSerial7.cpp.o
                0x000000000000147c                IRQHandler_Serial7
 .text.startup._GLOBAL__sub_I_IRQHandler_Serial7
                0x0000000000001488       0x78 build/./teensy4/HardwareSerial7.cpp.o
 .text._ZN14HardwareSerial17availableForWriteEv
                0x0000000000001500       0x20 build/./teensy4/HardwareSerial.cpp.o
                0x0000000000001500                HardwareSerial::availableForWrite()
 .text._ZN14HardwareSerial9availableEv
                0x0000000000001520       0x28 build/./teensy4/HardwareSerial.cpp.o
                0x0000000000001520                HardwareSerial::available()
 .text._ZN14HardwareSerial4peekEv
                0x0000000000001548       0x74 build/./teensy4/HardwareSerial.cpp.o
                0x0000000000001548                HardwareSerial::peek()
 .text._ZN14HardwareSerial4readEv
                0x00000000000015bc       0x90 build/./teensy4/HardwareSerial.cpp.o
                0x00000000000015bc                HardwareSerial::read()
 .text._ZN14HardwareSerial5flushEv
                0x000000000000164c       0x1c build/./teensy4/HardwareSerial.cpp.o
                0x000000000000164c                HardwareSerial::flush()
 .text._Z23nvic_execution_priorityv
                0x0000000000001668       0x40 build/./teensy4/HardwareSerial.cpp.o
                0x0000000000001668                nvic_execution_priority()
 .text._ZN14HardwareSerial5beginEmt
                0x00000000000016a8      0x29c build/./teensy4/HardwareSerial.cpp.o
                0x00000000000016a8                HardwareSerial::begin(unsigned long, unsigned short)
 .text._ZN14HardwareSerial9write9bitEm
                0x0000000000001944       0xd8 build/./teensy4/HardwareSerial.cpp.o
                0x0000000000001944                HardwareSerial::write9bit(unsigned long)
 .text._ZN14HardwareSerial5writeEh
                0x0000000000001a1c        0x4 build/./teensy4/HardwareSerial.cpp.o
                0x0000000000001a1c                HardwareSerial::write(unsigned char)
 .text._ZN14HardwareSerial10IRQHandlerEv
                0x0000000000001a20      0x164 build/./teensy4/HardwareSerial.cpp.o
                0x0000000000001a20                HardwareSerial::IRQHandler()
 .text.IRQHandler_Serial6
                0x0000000000001b84        0xc build/./teensy4/HardwareSerial6.cpp.o
                0x0000000000001b84                IRQHandler_Serial6
 .text.startup._GLOBAL__sub_I_IRQHandler_Serial6
                0x0000000000001b90       0x78 build/./teensy4/HardwareSerial6.cpp.o
 .text._Z12serialEvent7v
                0x0000000000001c08        0x4 build/./teensy4/serialEvent7.cpp.o
                0x0000000000001c08                serialEvent7()
 .text._Z12serialEvent5v
                0x0000000000001c0c        0x4 build/./teensy4/serialEvent5.cpp.o
                0x0000000000001c0c                serialEvent5()
 .text.IRQHandler_Serial4
                0x0000000000001c10        0xc build/./teensy4/HardwareSerial4.cpp.o
                0x0000000000001c10                IRQHandler_Serial4
 .text.startup._GLOBAL__sub_I_IRQHandler_Serial4
                0x0000000000001c1c       0x78 build/./teensy4/HardwareSerial4.cpp.o
 .text.IRQHandler_Serial5
                0x0000000000001c94        0xc build/./teensy4/HardwareSerial5.cpp.o
                0x0000000000001c94                IRQHandler_Serial5
 .text.startup._GLOBAL__sub_I_IRQHandler_Serial5
                0x0000000000001ca0       0x78 build/./teensy4/HardwareSerial5.cpp.o
 .text._Z12serialEvent4v
                0x0000000000001d18        0x4 build/./teensy4/serialEvent4.cpp.o
                0x0000000000001d18                serialEvent4()
 .text._Z11serialEventv
                0x0000000000001d1c        0x4 build/./teensy4/serialEvent.cpp.o
                0x0000000000001d1c                serialEvent()
 .text.IRQHandler_Serial1
                0x0000000000001d20        0xc build/./teensy4/HardwareSerial1.cpp.o
                0x0000000000001d20                IRQHandler_Serial1
 .text.startup._GLOBAL__sub_I_IRQHandler_Serial1
                0x0000000000001d2c       0x74 build/./teensy4/HardwareSerial1.cpp.o
 .text._Z12serialEvent1v
                0x0000000000001da0        0x4 build/./teensy4/serialEvent1.cpp.o
                0x0000000000001da0                serialEvent1()
 .text.rx_queue_transfer
                0x0000000000001da4       0x60 build/./teensy4/usb_serial2.c.o
 .text.rx_event
                0x0000000000001e04       0xb4 build/./teensy4/usb_serial2.c.o
 .text.usb_serial2_flush_callback
                0x0000000000001eb8       0x90 build/./teensy4/usb_serial2.c.o
 .text.usb_serial2_configure
                0x0000000000001f48       0xf4 build/./teensy4/usb_serial2.c.o
                0x0000000000001f48                usb_serial2_configure
 .text.usb_serial2_available
                0x000000000000203c       0x18 build/./teensy4/usb_serial2.c.o
                0x000000000000203c                usb_serial2_available
 .text.IRQHandler_Serial2
                0x0000000000002054        0xc build/./teensy4/HardwareSerial2.cpp.o
                0x0000000000002054                IRQHandler_Serial2
 .text.startup._GLOBAL__sub_I_IRQHandler_Serial2
                0x0000000000002060       0x78 build/./teensy4/HardwareSerial2.cpp.o
 .text._Z12serialEvent3v
                0x00000000000020d8        0x4 build/./teensy4/serialEvent3.cpp.o
                0x00000000000020d8                serialEvent3()
 .text._Z12serialEvent2v
                0x00000000000020dc        0x4 build/./teensy4/serialEvent2.cpp.o
                0x00000000000020dc                serialEvent2()
 .text.IRQHandler_Serial3
                0x00000000000020e0        0xc build/./teensy4/HardwareSerial3.cpp.o
                0x00000000000020e0                IRQHandler_Serial3
 .text.startup._GLOBAL__sub_I_IRQHandler_Serial3
                0x00000000000020ec       0x78 build/./teensy4/HardwareSerial3.cpp.o
 .text.sm_align_pool
                0x0000000000002164       0x4c build/./teensy4/sm_pool.c.o
                0x0000000000002164                sm_align_pool
 .text.sm_set_pool
                0x00000000000021b0       0x84 build/./teensy4/sm_pool.c.o
                0x00000000000021b0                sm_set_pool
 .text._ZN13IntervalTimer3endEv
                0x0000000000002234       0x58 build/./teensy4/IntervalTimer.cpp.o
                0x0000000000002234                IntervalTimer::end()
 .text.flexpwm_init
                0x000000000000228c       0x7c build/./teensy4/pwm.c.o
                0x000000000000228c                flexpwm_init
 .text.pwm_init
                0x0000000000002308       0xf4 build/./teensy4/pwm.c.o
                0x0000000000002308                pwm_init
 .text.rx_queue_transfer
                0x00000000000023fc       0x60 build/./teensy4/usb_serial.c.o
 .text.rx_event
                0x000000000000245c       0xb4 build/./teensy4/usb_serial.c.o
 .text.usb_serial_flush_callback
                0x0000000000002510       0x90 build/./teensy4/usb_serial.c.o
 .text.usb_serial_write.part.0
                0x00000000000025a0      0x1b8 build/./teensy4/usb_serial.c.o
 .text.usb_serial_reset
                0x0000000000002758        0x4 build/./teensy4/usb_serial.c.o
                0x0000000000002758                usb_serial_reset
 .text.usb_serial_configure
                0x000000000000275c       0xf4 build/./teensy4/usb_serial.c.o
                0x000000000000275c                usb_serial_configure
 .text.usb_serial_read
                0x0000000000002850       0xe0 build/./teensy4/usb_serial.c.o
                0x0000000000002850                usb_serial_read
 .text.usb_serial_peekchar
                0x0000000000002930       0x44 build/./teensy4/usb_serial.c.o
                0x0000000000002930                usb_serial_peekchar
 .text.usb_serial_available
                0x0000000000002974       0x18 build/./teensy4/usb_serial.c.o
                0x0000000000002974                usb_serial_available
 .text.usb_serial_flush_input
                0x000000000000298c       0x70 build/./teensy4/usb_serial.c.o
                0x000000000000298c                usb_serial_flush_input
 .text.usb_serial_getchar
                0x00000000000029fc       0x20 build/./teensy4/usb_serial.c.o
                0x00000000000029fc                usb_serial_getchar
 .text.usb_serial_putchar
                0x0000000000002a1c       0x2c build/./teensy4/usb_serial.c.o
                0x0000000000002a1c                usb_serial_putchar
 .text.usb_serial_write
                0x0000000000002a48       0x18 build/./teensy4/usb_serial.c.o
                0x0000000000002a48                usb_serial_write
 .text.usb_serial_write_buffer_free
                0x0000000000002a60       0x50 build/./teensy4/usb_serial.c.o
                0x0000000000002a60                usb_serial_write_buffer_free
 .text.usb_serial_flush_output
                0x0000000000002ab0       0x94 build/./teensy4/usb_serial.c.o
                0x0000000000002ab0                usb_serial_flush_output
 .text._ZN16usb_serial_class5clearEv
                0x0000000000002b44        0x4 build/./teensy4/usb_inst.cpp.o
                0x0000000000002b44                usb_serial_class::clear()
 .text._ZN16usb_serial_class4peekEv
                0x0000000000002b48        0x4 build/./teensy4/usb_inst.cpp.o
                0x0000000000002b48                usb_serial_class::peek()
 .text._ZN16usb_serial_class4readEv
                0x0000000000002b4c        0x4 build/./teensy4/usb_inst.cpp.o
                0x0000000000002b4c                usb_serial_class::read()
 .text._ZN16usb_serial_class9availableEv
                0x0000000000002b50        0x4 build/./teensy4/usb_inst.cpp.o
                0x0000000000002b50                usb_serial_class::available()
 .text._ZN16usb_serial_class5flushEv
                0x0000000000002b54        0x4 build/./teensy4/usb_inst.cpp.o
                0x0000000000002b54                usb_serial_class::flush()
 .text._ZN16usb_serial_class17availableForWriteEv
                0x0000000000002b58        0x4 build/./teensy4/usb_inst.cpp.o
                0x0000000000002b58                usb_serial_class::availableForWrite()
 .text._ZN16usb_serial_class5writeEPKhj
                0x0000000000002b5c        0x8 build/./teensy4/usb_inst.cpp.o
                0x0000000000002b5c                usb_serial_class::write(unsigned char const*, unsigned int)
 .text._ZN16usb_serial_class5writeEh
                0x0000000000002b64        0x8 build/./teensy4/usb_inst.cpp.o
                0x0000000000002b64                usb_serial_class::write(unsigned char)
 .text.usb_init_serialnumber
                0x0000000000002b6c       0x58 build/./teensy4/usb_desc.c.o
                0x0000000000002b6c                usb_init_serialnumber
 .text.yield    0x0000000000002bc4      0x118 build/./teensy4/yield.cpp.o
                0x0000000000002bc4                yield
 .text.unused_interrupt_vector
                0x0000000000002cdc      0x180 build/./teensy4/startup.c.o
                0x0000000000002cdc                unused_interrupt_vector
 .text._ZN14EventResponder16runFromInterruptEv
                0x0000000000002e5c       0x44 build/./teensy4/EventResponder.cpp.o
                0x0000000000002e5c                EventResponder::runFromInterrupt()
 .text.pendablesrvreq_isr
                0x0000000000002ea0        0x4 build/./teensy4/EventResponder.cpp.o
                0x0000000000002ea0                pendablesrvreq_isr
 .text.systick_isr
                0x0000000000002ea4       0x20 build/./teensy4/EventResponder.cpp.o
                0x0000000000002ea4                systick_isr
 .text._Z7mem2hexPcPKvi
                0x0000000000002ec4       0x58 build/./libraries/TeensyDebug/src/gdbstub.cpp.o
                0x0000000000002ec4                mem2hex(char*, void const*, int)
 .text._Z13gdb_out_writePKhj
                0x0000000000002f1c       0x40 build/./libraries/TeensyDebug/src/gdbstub.cpp.o
                0x0000000000002f1c                gdb_out_write(unsigned char const*, unsigned int)
 .text.startup._GLOBAL__sub_I_dev
                0x0000000000002f5c       0x18 build/./libraries/TeensyDebug/src/gdbstub.cpp.o
 .text._ZN5Debug17availableForWriteEv
                0x0000000000002f74        0x4 build/./libraries/TeensyDebug/src/TeensyDebug.cpp.o
                0x0000000000002f74                Debug::availableForWrite()
 .text._ZN5Debug5flushEv
                0x0000000000002f78        0x4 build/./libraries/TeensyDebug/src/TeensyDebug.cpp.o
                0x0000000000002f78                Debug::flush()
 .text._ZN5Debug5writeEPKhj
                0x0000000000002f7c        0x8 build/./libraries/TeensyDebug/src/TeensyDebug.cpp.o
                0x0000000000002f7c                Debug::write(unsigned char const*, unsigned int)
 .text._ZN5Debug5writeEh
                0x0000000000002f84       0x34 build/./libraries/TeensyDebug/src/TeensyDebug.cpp.o
                0x0000000000002f84                Debug::write(unsigned char)
 .text.startup._GLOBAL__sub_I_sw_breakpoint_addr
                0x0000000000002fb8       0x14 build/./libraries/TeensyDebug/src/TeensyDebug.cpp.o
 .text._ZN9MicroNMEA9skipFieldEPKc.part.0
                0x0000000000002fcc       0x38 build/./libraries/MicroNMEA/src/MicroNMEA.cpp.o
 .text._ZN9MicroNMEA9parseTimeEPKc.part.0
                0x0000000000003004       0x60 build/./libraries/MicroNMEA/src/MicroNMEA.cpp.o
 .text._ZN9MicroNMEA10parseFieldEPKcPci.part.0
                0x0000000000003064       0x7c build/./libraries/MicroNMEA/src/MicroNMEA.cpp.o
 .text._ZN9MicroNMEA10parseFloatEPKchPS1_Pb
                0x00000000000030e0      0x12c build/./libraries/MicroNMEA/src/MicroNMEA.cpp.o
                0x00000000000030e0                MicroNMEA::parseFloat(char const*, unsigned char, char const**, bool*)
 .text._ZN9MicroNMEA17parseDegreeMinuteEPKchPS1_
                0x000000000000320c       0x7c build/./libraries/MicroNMEA/src/MicroNMEA.cpp.o
                0x000000000000320c                MicroNMEA::parseDegreeMinute(char const*, unsigned char, char const**)
 .text._ZN9MicroNMEA16generateChecksumEPKcPc
                0x0000000000003288       0x54 build/./libraries/MicroNMEA/src/MicroNMEA.cpp.o
                0x0000000000003288                MicroNMEA::generateChecksum(char const*, char*)
 .text._ZN9MicroNMEAC2EPvh
                0x00000000000032dc       0x5c build/./libraries/MicroNMEA/src/MicroNMEA.cpp.o
                0x00000000000032dc                MicroNMEA::MicroNMEA(void*, unsigned char)
                0x00000000000032dc                MicroNMEA::MicroNMEA(void*, unsigned char)
 .text._ZN9MicroNMEA5clearEv
                0x0000000000003338       0x3c build/./libraries/MicroNMEA/src/MicroNMEA.cpp.o
                0x0000000000003338                MicroNMEA::clear()
 .text._ZN9MicroNMEA9parseDateEPKc
                0x0000000000003374       0x54 build/./libraries/MicroNMEA/src/MicroNMEA.cpp.o
                0x0000000000003374                MicroNMEA::parseDate(char const*)
 .text._ZN9MicroNMEA10processGGAEPKc
                0x00000000000033c8      0x104 build/./libraries/MicroNMEA/src/MicroNMEA.cpp.o
                0x00000000000033c8                MicroNMEA::processGGA(char const*)
 .text._ZN9MicroNMEA10processRMCEPKc
                0x00000000000034cc       0xb8 build/./libraries/MicroNMEA/src/MicroNMEA.cpp.o
                0x00000000000034cc                MicroNMEA::processRMC(char const*)
 .text._ZN9MicroNMEA7processEc
                0x0000000000003584      0x10c build/./libraries/MicroNMEA/src/MicroNMEA.cpp.o
                0x0000000000003584                MicroNMEA::process(char)
 .text.__aeabi_atexit
                0x0000000000003690        0xc /Applications/ARM/bin/../lib/gcc/arm-none-eabi/10.3.1/../../../../arm-none-eabi/lib/thumb/v7e-m+dp/hard/libc.a(lib_a-aeabi_atexit.o)
                0x0000000000003690                __aeabi_atexit
 .text.__cxa_atexit
                0x000000000000369c        0xc /Applications/ARM/bin/../lib/gcc/arm-none-eabi/10.3.1/../../../../arm-none-eabi/lib/thumb/v7e-m+dp/hard/libc.a(lib_a-cxa_atexit.o)
                0x000000000000369c                __cxa_atexit
 .text.__errno  0x00000000000036a8        0xc /Applications/ARM/bin/../lib/gcc/arm-none-eabi/10.3.1/../../../../arm-none-eabi/lib/thumb/v7e-m+dp/hard/libc.a(lib_a-errno.o)
                0x00000000000036a8                __errno
 .text.__libc_init_array
                0x00000000000036b4       0x48 /Applications/ARM/bin/../lib/gcc/arm-none-eabi/10.3.1/../../../../arm-none-eabi/lib/thumb/v7e-m+dp/hard/libc.a(lib_a-init.o)
                0x00000000000036b4                __libc_init_array
 .text.isspace  0x00000000000036fc       0x10 /Applications/ARM/bin/../lib/gcc/arm-none-eabi/10.3.1/../../../../arm-none-eabi/lib/thumb/v7e-m+dp/hard/libc.a(lib_a-isspace.o)
                0x00000000000036fc                isspace
 .text          0x000000000000370c      0x134 /Applications/ARM/bin/../lib/gcc/arm-none-eabi/10.3.1/../../../../arm-none-eabi/lib/thumb/v7e-m+dp/hard/libc.a(lib_a-memcpy.o)
                0x000000000000370c                memcpy
 .text.memset   0x0000000000003840       0xa4 /Applications/ARM/bin/../lib/gcc/arm-none-eabi/10.3.1/../../../../arm-none-eabi/lib/thumb/v7e-m+dp/hard/libc.a(lib_a-memset.o)
                0x0000000000003840                memset
 *fill*         0x00000000000038e4       0x1c 
 .text          0x0000000000003900      0x2dc /Applications/ARM/bin/../lib/gcc/arm-none-eabi/10.3.1/../../../../arm-none-eabi/lib/thumb/v7e-m+dp/hard/libc.a(lib_a-strcmp.o)
                0x0000000000003908                strcmp
 *fill*         0x0000000000003bdc       0x24 
 .text          0x0000000000003c00       0xdc /Applications/ARM/bin/../lib/gcc/arm-none-eabi/10.3.1/../../../../arm-none-eabi/lib/thumb/v7e-m+dp/hard/libc.a(lib_a-strlen.o)
                0x0000000000003c00                strlen
 .text.__register_exitproc
                0x0000000000003cdc       0x8c /Applications/ARM/bin/../lib/gcc/arm-none-eabi/10.3.1/../../../../arm-none-eabi/lib/thumb/v7e-m+dp/hard/libc.a(lib_a-__atexit.o)
                0x0000000000003cdc                __register_exitproc
 .text.__retarget_lock_acquire_recursive
                0x0000000000003d68        0x4 /Applications/ARM/bin/../lib/gcc/arm-none-eabi/10.3.1/../../../../arm-none-eabi/lib/thumb/v7e-m+dp/hard/libc.a(lib_a-lock.o)
                0x0000000000003d68                __retarget_lock_acquire_recursive
 .text.__retarget_lock_release_recursive
                0x0000000000003d6c        0x4 /Applications/ARM/bin/../lib/gcc/arm-none-eabi/10.3.1/../../../../arm-none-eabi/lib/thumb/v7e-m+dp/hard/libc.a(lib_a-lock.o)
                0x0000000000003d6c                __retarget_lock_release_recursive
 .text.__retarget_lock_release_recursive.__stub
                0x0000000000003d70       0x10 linker stubs
                0x0000000000003d80                . = ALIGN (0x10)

.glue_7         0x0000000000003d80        0x0 load address 0x0000000060005d60
 .glue_7        0x0000000000003d80        0x0 linker stubs

.glue_7t        0x0000000000003d80        0x0 load address 0x0000000060005d60
 .glue_7t       0x0000000000003d80        0x0 linker stubs

.vfp11_veneer   0x0000000000003d80        0x0 load address 0x0000000060005d60
 .vfp11_veneer  0x0000000000003d80        0x0 linker stubs

.v4_bx          0x0000000000003d80        0x0 load address 0x0000000060005d60
 .v4_bx         0x0000000000003d80        0x0 linker stubs

.fini           0x0000000000003d80        0x4 load address 0x0000000060005d60
 .fini          0x0000000000003d80        0x4 /Applications/ARM/bin/../lib/gcc/arm-none-eabi/10.3.1/thumb/v7e-m+dp/hard/crti.o
                0x0000000000003d80                _fini

.iplt           0x0000000000003d84        0x0 load address 0x0000000060005d64
 .iplt          0x0000000000003d84        0x0 /Applications/ARM/bin/../lib/gcc/arm-none-eabi/10.3.1/thumb/v7e-m+dp/hard/crtbegin.o

.ARM.exidx      0x0000000000003d84        0x0 load address 0x0000000060005d64
                0x0000000000003d84                __exidx_start = .
 *(.ARM.exidx* .gnu.linkonce.armexidx.*)
                0x0000000000003d84                __exidx_end = .

.data           0x0000000020000000     0x16c0 load address 0x0000000060005d64
 *(.endpoint_queue)
 .endpoint_queue
                0x0000000020000000      0x300 build/./teensy4/usb.c.o
                0x0000000020000000                endpoint_queue_head
 *(SORT_BY_ALIGNMENT(SORT_BY_NAME(.rodata*)))
 .rodata._ZL14UART6_Hardware
                0x0000000020000300       0x64 build/./teensy4/HardwareSerial1.cpp.o
 .rodata._ZN5Print10printFloatEdh.str1.4
                0x0000000020000364        0xc build/./teensy4/Print.cpp.o
 .rodata._ZN9MicroNMEA7processEc.str1.4
                0x0000000020000370        0x8 build/./libraries/MicroNMEA/src/MicroNMEA.cpp.o
 .rodata._ZTV14HardwareSerial
                0x0000000020000378       0x24 build/./teensy4/HardwareSerial.cpp.o
                0x0000000020000378                vtable for HardwareSerial
 .rodata._ZTV16usb_serial_class
                0x000000002000039c       0x28 build/./teensy4/usb_inst.cpp.o
                0x000000002000039c                vtable for usb_serial_class
 .rodata._ZTV5Debug
                0x00000000200003c4       0x18 build/./libraries/TeensyDebug/src/TeensyDebug.cpp.o
                0x00000000200003c4                vtable for Debug
 .rodata._ctype_
                0x00000000200003dc      0x101 /Applications/ARM/bin/../lib/gcc/arm-none-eabi/10.3.1/../../../../arm-none-eabi/lib/thumb/v7e-m+dp/hard/libc.a(lib_a-ctype_.o)
                0x00000000200003dc                _ctype_
 *fill*         0x00000000200004dd        0x3 
 .rodata._global_impure_ptr
                0x00000000200004e0        0x4 /Applications/ARM/bin/../lib/gcc/arm-none-eabi/10.3.1/../../../../arm-none-eabi/lib/thumb/v7e-m+dp/hard/libc.a(lib_a-impure.o)
                0x00000000200004e0                _global_impure_ptr
 .rodata.digital_pin_to_info_PGM
                0x00000000200004e4      0x370 build/./teensy4/digital.c.o
                0x00000000200004e4                digital_pin_to_info_PGM
 .rodata.main.str1.4
                0x0000000020000854       0xc6 build/./user/main.cpp.o
 *fill*         0x000000002000091a        0x2 
 .rodata.usb_descriptor_list
                0x000000002000091c       0x6c build/./teensy4/usb_desc.c.o
                0x000000002000091c                usb_descriptor_list
 *(SORT_BY_ALIGNMENT(SORT_BY_NAME(.data*)))
 .data.impure_data
                0x0000000020000988      0x428 /Applications/ARM/bin/../lib/gcc/arm-none-eabi/10.3.1/../../../../arm-none-eabi/lib/thumb/v7e-m+dp/hard/libc.a(lib_a-impure.o)
 .data          0x0000000020000db0        0x4 /Applications/ARM/bin/../lib/gcc/arm-none-eabi/10.3.1/thumb/v7e-m+dp/hard/crtbegin.o
                0x0000000020000db0                __dso_handle
 .data.F_BUS_ACTUAL
                0x0000000020000db4        0x4 build/./teensy4/clockspeed.c.o
                0x0000000020000db4                F_BUS_ACTUAL
 .data.F_CPU_ACTUAL
                0x0000000020000db8        0x4 build/./teensy4/clockspeed.c.o
                0x0000000020000db8                F_CPU_ACTUAL
 .data.Serial   0x0000000020000dbc       0x10 build/./teensy4/usb_inst.cpp.o
                0x0000000020000dbc                Serial
 .data._ZL10tone_timer
                0x0000000020000dcc        0x8 build/./teensy4/Tone.cpp.o
 .data._ZL14UART1_Hardware
                0x0000000020000dd4       0x64 build/./teensy4/HardwareSerial6.cpp.o
 .data._ZL14UART2_Hardware
                0x0000000020000e38       0x64 build/./teensy4/HardwareSerial3.cpp.o
 .data._ZL14UART3_Hardware
                0x0000000020000e9c       0x64 build/./teensy4/HardwareSerial4.cpp.o
 .data._ZL14UART4_Hardware
                0x0000000020000f00       0x64 build/./teensy4/HardwareSerial2.cpp.o
 .data._ZL14UART5_Hardware
                0x0000000020000f64       0x64 build/./teensy4/HardwareSerial8.cpp.o
 .data._ZL14UART7_Hardware
                0x0000000020000fc8       0x64 build/./teensy4/HardwareSerial7.cpp.o
 .data._ZL14UART8_Hardware
                0x000000002000102c       0x64 build/./teensy4/HardwareSerial5.cpp.o
 .data._ZN13IntervalTimer14nvic_prioritesE
                0x0000000020001090        0x4 build/./teensy4/IntervalTimer.cpp.o
                0x0000000020001090                IntervalTimer::nvic_priorites
 .data.__atexit_recursive_mutex
                0x0000000020001094        0x4 /Applications/ARM/bin/../lib/gcc/arm-none-eabi/10.3.1/../../../../arm-none-eabi/lib/thumb/v7e-m+dp/hard/libc.a(lib_a-__call_atexit.o)
                0x0000000020001094                __atexit_recursive_mutex
 .data._impure_ptr
                0x0000000020001098        0x4 /Applications/ARM/bin/../lib/gcc/arm-none-eabi/10.3.1/../../../../arm-none-eabi/lib/thumb/v7e-m+dp/hard/libc.a(lib_a-impure.o)
                0x0000000020001098                _impure_ptr
 .data.device_descriptor
                0x000000002000109c       0x12 build/./teensy4/usb_desc.c.o
 *fill*         0x00000000200010ae        0x2 
 .data.gdb_timer
                0x00000000200010b0        0x8 build/./libraries/TeensyDebug/src/gdbstub.cpp.o
                0x00000000200010b0                gdb_timer
 .data.int2hex  0x00000000200010b8       0x10 build/./libraries/TeensyDebug/src/gdbstub.cpp.o
                0x00000000200010b8                int2hex
 .data.usb_string_serial_number_default
                0x00000000200010c8       0x16 build/./teensy4/usb_desc.c.o
                0x00000000200010c8                usb_string_serial_number_default
                0x00000000200010c8                usb_string_serial_number
 .data.yield_active_check_flags
                0x00000000200010de        0x1 build/./teensy4/yield.cpp.o
                0x00000000200010de                yield_active_check_flags
 *(.vectorsram)
 *fill*         0x00000000200010df      0x321 
 .vectorsram    0x0000000020001400      0x2c0 build/./teensy4/startup.c.o
                0x0000000020001400                _VectorsRam

.igot.plt       0x00000000200016c0        0x0 load address 0x0000000060007424
 .igot.plt      0x00000000200016c0        0x0 /Applications/ARM/bin/../lib/gcc/arm-none-eabi/10.3.1/thumb/v7e-m+dp/hard/crtbegin.o

.bss            0x00000000200016c0     0x1180
 *(SORT_BY_ALIGNMENT(SORT_BY_NAME(.bss*)))
 .bss._ZL11funct_table
                0x00000000200016c0       0x10 build/./teensy4/IntervalTimer.cpp.o
 *fill*         0x00000000200016d0       0x10 
 .bss.endpoint0_transfer_ack
                0x00000000200016e0       0x20 build/./teensy4/usb.c.o
                0x00000000200016e0                endpoint0_transfer_ack
 .bss.endpoint0_transfer_data
                0x0000000020001700       0x20 build/./teensy4/usb.c.o
                0x0000000020001700                endpoint0_transfer_data
 .bss.rx_transfer
                0x0000000020001720      0x100 build/./teensy4/usb_serial2.c.o
 .bss.rx_transfer
                0x0000000020001820      0x100 build/./teensy4/usb_serial.c.o
 .bss.tx_transfer
                0x0000000020001920       0x80 build/./teensy4/usb_serial2.c.o
 .bss.tx_transfer
                0x00000000200019a0       0x80 build/./teensy4/usb_serial.c.o
 .bss.endpoint0_setupdata
                0x0000000020001a20        0x8 build/./teensy4/usb.c.o
 .bss           0x0000000020001a28       0x1c /Applications/ARM/bin/../lib/gcc/arm-none-eabi/10.3.1/thumb/v7e-m+dp/hard/crtbegin.o
 .bss.Serial1   0x0000000020001a44       0x60 build/./teensy4/HardwareSerial1.cpp.o
                0x0000000020001a44                Serial1
 .bss.Serial2   0x0000000020001aa4       0x60 build/./teensy4/HardwareSerial2.cpp.o
                0x0000000020001aa4                Serial2
 .bss.Serial3   0x0000000020001b04       0x60 build/./teensy4/HardwareSerial3.cpp.o
                0x0000000020001b04                Serial3
 .bss.Serial4   0x0000000020001b64       0x60 build/./teensy4/HardwareSerial4.cpp.o
                0x0000000020001b64                Serial4
 .bss.Serial5   0x0000000020001bc4       0x60 build/./teensy4/HardwareSerial5.cpp.o
                0x0000000020001bc4                Serial5
 .bss.Serial6   0x0000000020001c24       0x60 build/./teensy4/HardwareSerial6.cpp.o
                0x0000000020001c24                Serial6
 .bss.Serial7   0x0000000020001c84       0x60 build/./teensy4/HardwareSerial7.cpp.o
                0x0000000020001c84                Serial7
 .bss.Serial8   0x0000000020001ce4       0x60 build/./teensy4/HardwareSerial8.cpp.o
                0x0000000020001ce4                Serial8
 .bss._ZL10rx_buffer1
                0x0000000020001d44       0x40 build/./teensy4/HardwareSerial1.cpp.o
 .bss._ZL10rx_buffer2
                0x0000000020001d84       0x40 build/./teensy4/HardwareSerial2.cpp.o
 .bss._ZL10rx_buffer3
                0x0000000020001dc4       0x40 build/./teensy4/HardwareSerial3.cpp.o
 .bss._ZL10rx_buffer4
                0x0000000020001e04       0x40 build/./teensy4/HardwareSerial4.cpp.o
 .bss._ZL10rx_buffer5
                0x0000000020001e44       0x40 build/./teensy4/HardwareSerial5.cpp.o
 .bss._ZL10rx_buffer6
                0x0000000020001e84       0x40 build/./teensy4/HardwareSerial6.cpp.o
 .bss._ZL10rx_buffer7
                0x0000000020001ec4       0x40 build/./teensy4/HardwareSerial7.cpp.o
 .bss._ZL10rx_buffer8
                0x0000000020001f04       0x40 build/./teensy4/HardwareSerial8.cpp.o
 .bss._ZL10tx_buffer1
                0x0000000020001f44       0x40 build/./teensy4/HardwareSerial1.cpp.o
 .bss._ZL10tx_buffer2
                0x0000000020001f84       0x28 build/./teensy4/HardwareSerial2.cpp.o
 .bss._ZL10tx_buffer3
                0x0000000020001fac       0x28 build/./teensy4/HardwareSerial3.cpp.o
 .bss._ZL10tx_buffer4
                0x0000000020001fd4       0x28 build/./teensy4/HardwareSerial4.cpp.o
 .bss._ZL10tx_buffer5
                0x0000000020001ffc       0x28 build/./teensy4/HardwareSerial5.cpp.o
 .bss._ZL10tx_buffer6
                0x0000000020002024       0x28 build/./teensy4/HardwareSerial6.cpp.o
 .bss._ZL10tx_buffer7
                0x000000002000204c       0x28 build/./teensy4/HardwareSerial7.cpp.o
 .bss._ZL10tx_buffer8
                0x0000000020002074       0x28 build/./teensy4/HardwareSerial8.cpp.o
 .bss._ZN14EventResponder10firstYieldE
                0x000000002000209c        0x4 build/./teensy4/EventResponder.cpp.o
                0x000000002000209c                EventResponder::firstYield
 .bss._ZN14EventResponder13lastInterruptE
                0x00000000200020a0        0x4 build/./teensy4/EventResponder.cpp.o
                0x00000000200020a0                EventResponder::lastInterrupt
 .bss._ZN14EventResponder14firstInterruptE
                0x00000000200020a4        0x4 build/./teensy4/EventResponder.cpp.o
                0x00000000200020a4                EventResponder::firstInterrupt
 .bss._ZN14EventResponder9lastYieldE
                0x00000000200020a8        0x4 build/./teensy4/EventResponder.cpp.o
                0x00000000200020a8                EventResponder::lastYield
 .bss._ZN14HardwareSerial28s_serials_with_serial_eventsE
                0x00000000200020ac       0x20 build/./teensy4/HardwareSerial.cpp.o
                0x00000000200020ac                HardwareSerial::s_serials_with_serial_events
 .bss.__lock___atexit_recursive_mutex
                0x00000000200020cc        0x1 /Applications/ARM/bin/../lib/gcc/arm-none-eabi/10.3.1/../../../../arm-none-eabi/lib/thumb/v7e-m+dp/hard/libc.a(lib_a-lock.o)
                0x00000000200020cc                __lock___atexit_recursive_mutex
 *fill*         0x00000000200020cd        0x3 
 .bss.debug     0x00000000200020d0      0x108 build/./libraries/TeensyDebug/src/TeensyDebug.cpp.o
                0x00000000200020d0                debug
 .bss.endpoint0_buffer
                0x00000000200021d8        0x8 build/./teensy4/usb.c.o
 .bss.endpoint0_notify_mask
                0x00000000200021e0        0x4 build/./teensy4/usb.c.o
 .bss.endpointN_notify_mask
                0x00000000200021e4        0x4 build/./teensy4/usb.c.o
 .bss.extmem_smalloc_pool
                0x00000000200021e8       0x10 build/./teensy4/startup.c.o
                0x00000000200021e8                extmem_smalloc_pool
 .bss.nmea      0x00000000200021f8       0x4c build/./user/main.cpp.o
                0x00000000200021f8                nmea
 .bss.nmeaBuffer
                0x0000000020002244      0x400 build/./user/main.cpp.o
                0x0000000020002244                nmeaBuffer
 .bss.reply_buffer
                0x0000000020002644        0x8 build/./teensy4/usb.c.o
 .bss.rx_available
                0x000000002000264c        0x4 build/./teensy4/usb_serial2.c.o
 .bss.rx_available
                0x0000000020002650        0x4 build/./teensy4/usb_serial.c.o
 .bss.rx_count  0x0000000020002654       0x10 build/./teensy4/usb_serial2.c.o
 .bss.rx_count  0x0000000020002664       0x10 build/./teensy4/usb_serial.c.o
 .bss.rx_index  0x0000000020002674       0x10 build/./teensy4/usb_serial2.c.o
 .bss.rx_index  0x0000000020002684       0x10 build/./teensy4/usb_serial.c.o
 .bss.rx_list   0x0000000020002694        0x9 build/./teensy4/usb_serial2.c.o
 *fill*         0x000000002000269d        0x3 
 .bss.rx_list   0x00000000200026a0        0x9 build/./teensy4/usb_serial.c.o
 *fill*         0x00000000200026a9        0x3 
 .bss.s_hotCount
                0x00000000200026ac        0x4 build/./teensy4/tempmon.c.o
 .bss.s_hotTemp
                0x00000000200026b0        0x4 build/./teensy4/tempmon.c.o
 .bss.s_hot_ROOM
                0x00000000200026b4        0x4 build/./teensy4/tempmon.c.o
 .bss.s_roomC_hotC
                0x00000000200026b8        0x4 build/./teensy4/tempmon.c.o
 .bss.scale_cpu_cycles_to_microseconds
                0x00000000200026bc        0x4 build/./teensy4/delay.c.o
                0x00000000200026bc                scale_cpu_cycles_to_microseconds
 .bss.send_message
                0x00000000200026c0      0x100 build/./libraries/TeensyDebug/src/gdbstub.cpp.o
                0x00000000200026c0                send_message
 .bss.systick_cycle_count
                0x00000000200027c0        0x4 build/./teensy4/delay.c.o
                0x00000000200027c0                systick_cycle_count
 .bss.systick_millis_count
                0x00000000200027c4        0x4 build/./teensy4/delay.c.o
                0x00000000200027c4                systick_millis_count
 .bss.systick_safe_read
                0x00000000200027c8        0x4 build/./teensy4/delay.c.o
                0x00000000200027c8                systick_safe_read
 .bss.usb_cdc2_line_coding
                0x00000000200027cc        0x8 build/./teensy4/usb_serial2.c.o
                0x00000000200027cc                usb_cdc2_line_coding
 .bss.usb_cdc2_line_rtsdtr_millis
                0x00000000200027d4        0x4 build/./teensy4/usb_serial2.c.o
                0x00000000200027d4                usb_cdc2_line_rtsdtr_millis
 .bss.usb_cdc_line_coding
                0x00000000200027d8        0x8 build/./teensy4/usb_serial.c.o
                0x00000000200027d8                usb_cdc_line_coding
 .bss.usb_cdc_line_rtsdtr_millis
                0x00000000200027e0        0x4 build/./teensy4/usb_serial.c.o
                0x00000000200027e0                usb_cdc_line_rtsdtr_millis
 .bss.usb_timer0_callback
                0x00000000200027e4        0x4 build/./teensy4/usb.c.o
                0x00000000200027e4                usb_timer0_callback
 .bss.usb_timer1_callback
                0x00000000200027e8        0x4 build/./teensy4/usb.c.o
                0x00000000200027e8                usb_timer1_callback
 .bss.rx_packet_size
                0x00000000200027ec        0x2 build/./teensy4/usb_serial2.c.o
 .bss.rx_packet_size
                0x00000000200027ee        0x2 build/./teensy4/usb_serial.c.o
 .bss.tx_available
                0x00000000200027f0        0x2 build/./teensy4/usb_serial2.c.o
 .bss.tx_available
                0x00000000200027f2        0x2 build/./teensy4/usb_serial.c.o
 .bss.tx_packet_size
                0x00000000200027f4        0x2 build/./teensy4/usb_serial2.c.o
 .bss.tx_packet_size
                0x00000000200027f6        0x2 build/./teensy4/usb_serial.c.o
 .bss._ZN14EventResponder16runningFromYieldE
                0x00000000200027f8        0x1 build/./teensy4/EventResponder.cpp.o
                0x00000000200027f8                EventResponder::runningFromYield
 .bss._ZN14HardwareSerial34s_count_serials_with_serial_eventsE
                0x00000000200027f9        0x1 build/./teensy4/HardwareSerial.cpp.o
                0x00000000200027f9                HardwareSerial::s_count_serials_with_serial_events
 .bss._ZZ5yieldE7running
                0x00000000200027fa        0x1 build/./teensy4/yield.cpp.o
 .bss.calibrating
                0x00000000200027fb        0x1 build/./teensy4/analog.c.o
 .bss.external_psram_size
                0x00000000200027fc        0x1 build/./teensy4/startup.c.o
                0x00000000200027fc                external_psram_size
 .bss.rx_head   0x00000000200027fd        0x1 build/./teensy4/usb_serial2.c.o
 .bss.rx_head   0x00000000200027fe        0x1 build/./teensy4/usb_serial.c.o
 .bss.rx_tail   0x00000000200027ff        0x1 build/./teensy4/usb_serial2.c.o
 .bss.rx_tail   0x0000000020002800        0x1 build/./teensy4/usb_serial.c.o
 .bss.sof_usage
                0x0000000020002801        0x1 build/./teensy4/usb.c.o
 .bss.transmit_previous_timeout
                0x0000000020002802        0x1 build/./teensy4/usb_serial.c.o
 .bss.tx_head   0x0000000020002803        0x1 build/./teensy4/usb_serial2.c.o
 .bss.tx_head   0x0000000020002804        0x1 build/./teensy4/usb_serial.c.o
 .bss.tx_noautoflush
                0x0000000020002805        0x1 build/./teensy4/usb_serial2.c.o
 .bss.tx_noautoflush
                0x0000000020002806        0x1 build/./teensy4/usb_serial.c.o
 .bss.usb_cdc2_line_rtsdtr
                0x0000000020002807        0x1 build/./teensy4/usb_serial2.c.o
                0x0000000020002807                usb_cdc2_line_rtsdtr
 .bss.usb_cdc_line_rtsdtr
                0x0000000020002808        0x1 build/./teensy4/usb_serial.c.o
                0x0000000020002808                usb_cdc_line_rtsdtr
 .bss.usb_configuration
                0x0000000020002809        0x1 build/./teensy4/usb.c.o
                0x0000000020002809                usb_configuration
 .bss.usb_high_speed
                0x000000002000280a        0x1 build/./teensy4/usb.c.o
                0x000000002000280a                usb_high_speed
 .bss.usb_reboot_timer
                0x000000002000280b        0x1 build/./teensy4/usb.c.o
 *(SORT_BY_ALIGNMENT(SORT_BY_NAME(COMMON)))
                0x0000000020002820                . = ALIGN (0x20)
 *fill*         0x000000002000280c       0x14 
                0x0000000020002840                . = (. + 0x20)
 *fill*         0x0000000020002820       0x20 

.bss.dma        0x0000000020200000     0x60a0
 *(.hab_log)
 *(.dmabuffers)
 .dmabuffers    0x0000000020200000     0x3000 build/./teensy4/usb_serial2.c.o
 .dmabuffers    0x0000000020203000     0x3000 build/./teensy4/usb_serial.c.o
 .dmabuffers    0x0000000020206000       0x8d build/./teensy4/usb_desc.c.o
                0x0000000020206000                usb_descriptor_buffer
                0x00000000202060a0                . = ALIGN (0x20)
 *fill*         0x000000002020608d       0x13 

.bss.extram     0x0000000070000000        0x0
 *(SORT_BY_ALIGNMENT(SORT_BY_NAME(.externalram)))
                0x0000000070000000                . = ALIGN (0x20)

.text.csf       0x0000000060007424      0xfdc
 FILL mask 0xff
                0x0000000060007800                . = ALIGN (0x400)
 *fill*         0x0000000060007424      0x3dc ff
 *(.csf)
 .csf           0x0000000060007800      0xc00 build/./teensy4/bootdata.c.o
                0x0000000060007800                hab_csf
                0x0000000060008400                __text_csf_end = .
                0x0000000000000000                _stext = ADDR (.text.itcm)
                0x0000000000003d80                _etext = ((ADDR (.text.itcm) + SIZEOF (.text.itcm)) + SIZEOF (.ARM.exidx))
                0x0000000060001fe0                _stextload = LOADADDR (.text.itcm)
                0x0000000020000000                _sdata = ADDR (.data)
                0x00000000200016c0                _edata = (ADDR (.data) + SIZEOF (.data))
                0x0000000060005d64                _sdataload = LOADADDR (.data)
                0x00000000200016c0                _sbss = ADDR (.bss)
                0x0000000020002840                _ebss = (ADDR (.bss) + SIZEOF (.bss))
                0x00000000202060a0                _heap_start = (ADDR (.bss.dma) + SIZEOF (.bss.dma))
                0x0000000020280000                _heap_end = (ORIGIN (RAM) + LENGTH (RAM))
                0x0000000070000000                _extram_start = ADDR (.bss.extram)
                0x0000000070000000                _extram_end = (ADDR (.bss.extram) + SIZEOF (.bss.extram))
                0x0000000000000001                _itcm_block_count = (((SIZEOF (.text.itcm) + SIZEOF (.ARM.exidx)) + 0x7fff) >> 0xf)
                0x00000000aaaaaaab                _flexram_bank_config = (0xaaaaaaaa | ((0x1 << (_itcm_block_count * 0x2)) - 0x1))
                0x0000000020078000                _estack = (ORIGIN (DTCM) + ((0x10 - _itcm_block_count) << 0xf))
                0x0000000000008400                _flashimagelen = (__text_csf_end - ORIGIN (FLASH))
                0x0000000000000025                _teensy_model_identifier = 0x25

.eh_frame       0x0000000060008400        0x0
 .eh_frame      0x0000000060008400        0x0 /Applications/ARM/bin/../lib/gcc/arm-none-eabi/10.3.1/thumb/v7e-m+dp/hard/crtbegin.o

.rel.dyn        0x0000000060008400        0x0
 .rel.iplt      0x0000000060008400        0x0 /Applications/ARM/bin/../lib/gcc/arm-none-eabi/10.3.1/thumb/v7e-m+dp/hard/crtbegin.o

.ARM.attributes
                0x0000000000000000       0x2e
 .ARM.attributes
                0x0000000000000000       0x1e /Applications/ARM/bin/../lib/gcc/arm-none-eabi/10.3.1/thumb/v7e-m+dp/hard/crti.o
 .ARM.attributes
                0x000000000000001e       0x32 /Applications/ARM/bin/../lib/gcc/arm-none-eabi/10.3.1/thumb/v7e-m+dp/hard/crtbegin.o
 .ARM.attributes
                0x0000000000000050       0x32 build/./user/main.cpp.o
 .ARM.attributes
                0x0000000000000082       0x32 build/./teensy4/clockspeed.c.o
 .ARM.attributes
                0x00000000000000b4       0x32 build/./teensy4/digital.c.o
 .ARM.attributes
                0x00000000000000e6       0x32 build/./teensy4/tempmon.c.o
 .ARM.attributes
                0x0000000000000118       0x32 build/./teensy4/bootdata.c.o
 .ARM.attributes
                0x000000000000014a       0x32 build/./teensy4/usb.c.o
 .ARM.attributes
                0x000000000000017c       0x32 build/./teensy4/Tone.cpp.o
 .ARM.attributes
                0x00000000000001ae       0x32 build/./teensy4/rtc.c.o
 .ARM.attributes
                0x00000000000001e0       0x32 build/./teensy4/analog.c.o
 .ARM.attributes
                0x0000000000000212       0x32 build/./teensy4/nonstd.c.o
 .ARM.attributes
                0x0000000000000244       0x32 build/./teensy4/serialEventUSB1.cpp.o
 .ARM.attributes
                0x0000000000000276       0x32 build/./teensy4/Print.cpp.o
 .ARM.attributes
                0x00000000000002a8       0x32 build/./teensy4/delay.c.o
 .ARM.attributes
                0x00000000000002da       0x32 build/./teensy4/HardwareSerial8.cpp.o
 .ARM.attributes
                0x000000000000030c       0x32 build/./teensy4/serialEvent8.cpp.o
 .ARM.attributes
                0x000000000000033e       0x32 build/./teensy4/serialEvent6.cpp.o
 .ARM.attributes
                0x0000000000000370       0x32 build/./teensy4/HardwareSerial7.cpp.o
 .ARM.attributes
                0x00000000000003a2       0x32 build/./teensy4/HardwareSerial.cpp.o
 .ARM.attributes
                0x00000000000003d4       0x32 build/./teensy4/HardwareSerial6.cpp.o
 .ARM.attributes
                0x0000000000000406       0x32 build/./teensy4/serialEvent7.cpp.o
 .ARM.attributes
                0x0000000000000438       0x32 build/./teensy4/serialEvent5.cpp.o
 .ARM.attributes
                0x000000000000046a       0x32 build/./teensy4/HardwareSerial4.cpp.o
 .ARM.attributes
                0x000000000000049c       0x32 build/./teensy4/HardwareSerial5.cpp.o
 .ARM.attributes
                0x00000000000004ce       0x32 build/./teensy4/serialEvent4.cpp.o
 .ARM.attributes
                0x0000000000000500       0x32 build/./teensy4/serialEvent.cpp.o
 .ARM.attributes
                0x0000000000000532       0x32 build/./teensy4/HardwareSerial1.cpp.o
 .ARM.attributes
                0x0000000000000564       0x32 build/./teensy4/serialEvent1.cpp.o
 .ARM.attributes
                0x0000000000000596       0x32 build/./teensy4/usb_serial2.c.o
 .ARM.attributes
                0x00000000000005c8       0x32 build/./teensy4/HardwareSerial2.cpp.o
 .ARM.attributes
                0x00000000000005fa       0x32 build/./teensy4/serialEvent3.cpp.o
 .ARM.attributes
                0x000000000000062c       0x32 build/./teensy4/serialEvent2.cpp.o
 .ARM.attributes
                0x000000000000065e       0x32 build/./teensy4/HardwareSerial3.cpp.o
 .ARM.attributes
                0x0000000000000690       0x32 build/./teensy4/sm_pool.c.o
 .ARM.attributes
                0x00000000000006c2       0x32 build/./teensy4/IntervalTimer.cpp.o
 .ARM.attributes
                0x00000000000006f4       0x32 build/./teensy4/pwm.c.o
 .ARM.attributes
                0x0000000000000726       0x32 build/./teensy4/usb_serial.c.o
 .ARM.attributes
                0x0000000000000758       0x32 build/./teensy4/usb_inst.cpp.o
 .ARM.attributes
                0x000000000000078a       0x32 build/./teensy4/usb_desc.c.o
 .ARM.attributes
                0x00000000000007bc       0x32 build/./teensy4/yield.cpp.o
 .ARM.attributes
                0x00000000000007ee       0x32 build/./teensy4/startup.c.o
 .ARM.attributes
                0x0000000000000820       0x32 build/./teensy4/EventResponder.cpp.o
 .ARM.attributes
                0x0000000000000852       0x32 build/./libraries/TeensyDebug/src/gdbstub.cpp.o
 .ARM.attributes
                0x0000000000000884       0x32 build/./libraries/TeensyDebug/src/TeensyDebug.cpp.o
 .ARM.attributes
                0x00000000000008b6       0x32 build/./libraries/MicroNMEA/src/MicroNMEA.cpp.o
 .ARM.attributes
                0x00000000000008e8       0x32 /Applications/ARM/bin/../lib/gcc/arm-none-eabi/10.3.1/../../../../arm-none-eabi/lib/thumb/v7e-m+dp/hard/libc.a(lib_a-aeabi_atexit.o)
 .ARM.attributes
                0x000000000000091a       0x32 /Applications/ARM/bin/../lib/gcc/arm-none-eabi/10.3.1/../../../../arm-none-eabi/lib/thumb/v7e-m+dp/hard/libc.a(lib_a-cxa_atexit.o)
 .ARM.attributes
                0x000000000000094c       0x32 /Applications/ARM/bin/../lib/gcc/arm-none-eabi/10.3.1/../../../../arm-none-eabi/lib/thumb/v7e-m+dp/hard/libc.a(lib_a-errno.o)
 .ARM.attributes
                0x000000000000097e       0x32 /Applications/ARM/bin/../lib/gcc/arm-none-eabi/10.3.1/../../../../arm-none-eabi/lib/thumb/v7e-m+dp/hard/libc.a(lib_a-impure.o)
 .ARM.attributes
                0x00000000000009b0       0x32 /Applications/ARM/bin/../lib/gcc/arm-none-eabi/10.3.1/../../../../arm-none-eabi/lib/thumb/v7e-m+dp/hard/libc.a(lib_a-init.o)
 .ARM.attributes
                0x00000000000009e2       0x32 /Applications/ARM/bin/../lib/gcc/arm-none-eabi/10.3.1/../../../../arm-none-eabi/lib/thumb/v7e-m+dp/hard/libc.a(lib_a-isspace.o)
 .ARM.attributes
                0x0000000000000a14       0x1c /Applications/ARM/bin/../lib/gcc/arm-none-eabi/10.3.1/../../../../arm-none-eabi/lib/thumb/v7e-m+dp/hard/libc.a(lib_a-memcpy.o)
 .ARM.attributes
                0x0000000000000a30       0x32 /Applications/ARM/bin/../lib/gcc/arm-none-eabi/10.3.1/../../../../arm-none-eabi/lib/thumb/v7e-m+dp/hard/libc.a(lib_a-memset.o)
 .ARM.attributes
                0x0000000000000a62       0x1c /Applications/ARM/bin/../lib/gcc/arm-none-eabi/10.3.1/../../../../arm-none-eabi/lib/thumb/v7e-m+dp/hard/libc.a(lib_a-strcmp.o)
 .ARM.attributes
                0x0000000000000a7e       0x1c /Applications/ARM/bin/../lib/gcc/arm-none-eabi/10.3.1/../../../../arm-none-eabi/lib/thumb/v7e-m+dp/hard/libc.a(lib_a-strlen.o)
 .ARM.attributes
                0x0000000000000a9a       0x32 /Applications/ARM/bin/../lib/gcc/arm-none-eabi/10.3.1/../../../../arm-none-eabi/lib/thumb/v7e-m+dp/hard/libc.a(lib_a-__atexit.o)
 .ARM.attributes
                0x0000000000000acc       0x32 /Applications/ARM/bin/../lib/gcc/arm-none-eabi/10.3.1/../../../../arm-none-eabi/lib/thumb/v7e-m+dp/hard/libc.a(lib_a-__call_atexit.o)
 .ARM.attributes
                0x0000000000000afe       0x32 /Applications/ARM/bin/../lib/gcc/arm-none-eabi/10.3.1/../../../../arm-none-eabi/lib/thumb/v7e-m+dp/hard/libc.a(lib_a-ctype_.o)
 .ARM.attributes
                0x0000000000000b30       0x32 /Applications/ARM/bin/../lib/gcc/arm-none-eabi/10.3.1/../../../../arm-none-eabi/lib/thumb/v7e-m+dp/hard/libc.a(lib_a-lock.o)
 .ARM.attributes
                0x0000000000000b62       0x1e /Applications/ARM/bin/../lib/gcc/arm-none-eabi/10.3.1/thumb/v7e-m+dp/hard/crtn.o

.comment        0x0000000000000000       0x49
 .comment       0x0000000000000000       0x49 build/./user/main.cpp.o
                                         0x4a (size before relaxing)
 .comment       0x0000000000000049       0x4a build/./teensy4/clockspeed.c.o
 .comment       0x0000000000000049       0x4a build/./teensy4/digital.c.o
 .comment       0x0000000000000049       0x4a build/./teensy4/tempmon.c.o
 .comment       0x0000000000000049       0x4a build/./teensy4/bootdata.c.o
 .comment       0x0000000000000049       0x4a build/./teensy4/usb.c.o
 .comment       0x0000000000000049       0x4a build/./teensy4/Tone.cpp.o
 .comment       0x0000000000000049       0x4a build/./teensy4/rtc.c.o
 .comment       0x0000000000000049       0x4a build/./teensy4/analog.c.o
 .comment       0x0000000000000049       0x4a build/./teensy4/nonstd.c.o
 .comment       0x0000000000000049       0x4a build/./teensy4/serialEventUSB1.cpp.o
 .comment       0x0000000000000049       0x4a build/./teensy4/Print.cpp.o
 .comment       0x0000000000000049       0x4a build/./teensy4/delay.c.o
 .comment       0x0000000000000049       0x4a build/./teensy4/HardwareSerial8.cpp.o
 .comment       0x0000000000000049       0x4a build/./teensy4/serialEvent8.cpp.o
 .comment       0x0000000000000049       0x4a build/./teensy4/serialEvent6.cpp.o
 .comment       0x0000000000000049       0x4a build/./teensy4/HardwareSerial7.cpp.o
 .comment       0x0000000000000049       0x4a build/./teensy4/HardwareSerial.cpp.o
 .comment       0x0000000000000049       0x4a build/./teensy4/HardwareSerial6.cpp.o
 .comment       0x0000000000000049       0x4a build/./teensy4/serialEvent7.cpp.o
 .comment       0x0000000000000049       0x4a build/./teensy4/serialEvent5.cpp.o
 .comment       0x0000000000000049       0x4a build/./teensy4/HardwareSerial4.cpp.o
 .comment       0x0000000000000049       0x4a build/./teensy4/HardwareSerial5.cpp.o
 .comment       0x0000000000000049       0x4a build/./teensy4/serialEvent4.cpp.o
 .comment       0x0000000000000049       0x4a build/./teensy4/serialEvent.cpp.o
 .comment       0x0000000000000049       0x4a build/./teensy4/HardwareSerial1.cpp.o
 .comment       0x0000000000000049       0x4a build/./teensy4/serialEvent1.cpp.o
 .comment       0x0000000000000049       0x4a build/./teensy4/usb_serial2.c.o
 .comment       0x0000000000000049       0x4a build/./teensy4/HardwareSerial2.cpp.o
 .comment       0x0000000000000049       0x4a build/./teensy4/serialEvent3.cpp.o
 .comment       0x0000000000000049       0x4a build/./teensy4/serialEvent2.cpp.o
 .comment       0x0000000000000049       0x4a build/./teensy4/HardwareSerial3.cpp.o
 .comment       0x0000000000000049       0x4a build/./teensy4/sm_pool.c.o
 .comment       0x0000000000000049       0x4a build/./teensy4/IntervalTimer.cpp.o
 .comment       0x0000000000000049       0x4a build/./teensy4/pwm.c.o
 .comment       0x0000000000000049       0x4a build/./teensy4/usb_serial.c.o
 .comment       0x0000000000000049       0x4a build/./teensy4/usb_inst.cpp.o
 .comment       0x0000000000000049       0x4a build/./teensy4/usb_desc.c.o
 .comment       0x0000000000000049       0x4a build/./teensy4/yield.cpp.o
 .comment       0x0000000000000049       0x4a build/./teensy4/startup.c.o
 .comment       0x0000000000000049       0x4a build/./teensy4/EventResponder.cpp.o
 .comment       0x0000000000000049       0x4a build/./libraries/TeensyDebug/src/gdbstub.cpp.o
 .comment       0x0000000000000049       0x4a build/./libraries/TeensyDebug/src/TeensyDebug.cpp.o
 .comment       0x0000000000000049       0x4a build/./libraries/MicroNMEA/src/MicroNMEA.cpp.o

.debug_info     0x0000000000000000    0x87b30
 *(.debug_info)
 .debug_info    0x0000000000000000     0x6528 build/./user/main.cpp.o
 .debug_info    0x0000000000006528     0x122a build/./teensy4/clockspeed.c.o
 .debug_info    0x0000000000007752     0x1f16 build/./teensy4/digital.c.o
 .debug_info    0x0000000000009668     0x1688 build/./teensy4/tempmon.c.o
 .debug_info    0x000000000000acf0      0x125 build/./teensy4/bootdata.c.o
 .debug_info    0x000000000000ae15     0x28b1 build/./teensy4/usb.c.o
 .debug_info    0x000000000000d6c6     0x2a70 build/./teensy4/Tone.cpp.o
 .debug_info    0x0000000000010136     0x1028 build/./teensy4/rtc.c.o
 .debug_info    0x000000000001115e     0x13eb build/./teensy4/analog.c.o
 .debug_info    0x0000000000012549      0x44a build/./teensy4/nonstd.c.o
 .debug_info    0x0000000000012993     0x1f0c build/./teensy4/serialEventUSB1.cpp.o
 .debug_info    0x000000000001489f     0x52f4 build/./teensy4/Print.cpp.o
 .debug_info    0x0000000000019b93      0x5dc build/./teensy4/delay.c.o
 .debug_info    0x000000000001a16f     0x4fff build/./teensy4/HardwareSerial8.cpp.o
 .debug_info    0x000000000001f16e     0x1f0c build/./teensy4/serialEvent8.cpp.o
 .debug_info    0x000000000002107a     0x1f0c build/./teensy4/serialEvent6.cpp.o
 .debug_info    0x0000000000022f86     0x4fff build/./teensy4/HardwareSerial7.cpp.o
 .debug_info    0x0000000000027f85     0x5e6c build/./teensy4/HardwareSerial.cpp.o
 .debug_info    0x000000000002ddf1     0x4fff build/./teensy4/HardwareSerial6.cpp.o
 .debug_info    0x0000000000032df0     0x1f0c build/./teensy4/serialEvent7.cpp.o
 .debug_info    0x0000000000034cfc     0x1f0c build/./teensy4/serialEvent5.cpp.o
 .debug_info    0x0000000000036c08     0x4fff build/./teensy4/HardwareSerial4.cpp.o
 .debug_info    0x000000000003bc07     0x4fff build/./teensy4/HardwareSerial5.cpp.o
 .debug_info    0x0000000000040c06     0x1f0c build/./teensy4/serialEvent4.cpp.o
 .debug_info    0x0000000000042b12     0x1f0c build/./teensy4/serialEvent.cpp.o
 .debug_info    0x0000000000044a1e     0x5b18 build/./teensy4/HardwareSerial1.cpp.o
 .debug_info    0x000000000004a536     0x1f0c build/./teensy4/serialEvent1.cpp.o
 .debug_info    0x000000000004c442     0x22d4 build/./teensy4/usb_serial2.c.o
 .debug_info    0x000000000004e716     0x4fff build/./teensy4/HardwareSerial2.cpp.o
 .debug_info    0x0000000000053715     0x1f0c build/./teensy4/serialEvent3.cpp.o
 .debug_info    0x0000000000055621     0x1f0c build/./teensy4/serialEvent2.cpp.o
 .debug_info    0x000000000005752d     0x4fff build/./teensy4/HardwareSerial3.cpp.o
 .debug_info    0x000000000005c52c      0x54d build/./teensy4/sm_pool.c.o
 .debug_info    0x000000000005ca79     0x1889 build/./teensy4/IntervalTimer.cpp.o
 .debug_info    0x000000000005e302     0x2c05 build/./teensy4/pwm.c.o
 .debug_info    0x0000000000060f07     0x22ee build/./teensy4/usb_serial.c.o
 .debug_info    0x00000000000631f5     0x43df build/./teensy4/usb_inst.cpp.o
 .debug_info    0x00000000000675d4     0x1263 build/./teensy4/usb_desc.c.o
 .debug_info    0x0000000000068837     0x474f build/./teensy4/yield.cpp.o
 .debug_info    0x000000000006cf86     0x1e9c build/./teensy4/startup.c.o
 .debug_info    0x000000000006ee22     0x2d3a build/./teensy4/EventResponder.cpp.o
 .debug_info    0x0000000000071b5c     0x84d9 build/./libraries/TeensyDebug/src/gdbstub.cpp.o
 .debug_info    0x000000000007a035     0x8062 build/./libraries/TeensyDebug/src/TeensyDebug.cpp.o
 .debug_info    0x0000000000082097     0x5a99 build/./libraries/MicroNMEA/src/MicroNMEA.cpp.o

.debug_abbrev   0x0000000000000000     0xbd3d
 *(.debug_abbrev)
 .debug_abbrev  0x0000000000000000      0x6de build/./user/main.cpp.o
 .debug_abbrev  0x00000000000006de      0x12a build/./teensy4/clockspeed.c.o
 .debug_abbrev  0x0000000000000808      0x3aa build/./teensy4/digital.c.o
 .debug_abbrev  0x0000000000000bb2      0x1fb build/./teensy4/tempmon.c.o
 .debug_abbrev  0x0000000000000dad       0x7d build/./teensy4/bootdata.c.o
 .debug_abbrev  0x0000000000000e2a      0x56f build/./teensy4/usb.c.o
 .debug_abbrev  0x0000000000001399      0x542 build/./teensy4/Tone.cpp.o
 .debug_abbrev  0x00000000000018db       0xfa build/./teensy4/rtc.c.o
 .debug_abbrev  0x00000000000019d5      0x1eb build/./teensy4/analog.c.o
 .debug_abbrev  0x0000000000001bc0      0x141 build/./teensy4/nonstd.c.o
 .debug_abbrev  0x0000000000001d01      0x27b build/./teensy4/serialEventUSB1.cpp.o
 .debug_abbrev  0x0000000000001f7c      0x727 build/./teensy4/Print.cpp.o
 .debug_abbrev  0x00000000000026a3      0x20a build/./teensy4/delay.c.o
 .debug_abbrev  0x00000000000028ad      0x5a2 build/./teensy4/HardwareSerial8.cpp.o
 .debug_abbrev  0x0000000000002e4f      0x27b build/./teensy4/serialEvent8.cpp.o
 .debug_abbrev  0x00000000000030ca      0x27b build/./teensy4/serialEvent6.cpp.o
 .debug_abbrev  0x0000000000003345      0x5a2 build/./teensy4/HardwareSerial7.cpp.o
 .debug_abbrev  0x00000000000038e7      0x862 build/./teensy4/HardwareSerial.cpp.o
 .debug_abbrev  0x0000000000004149      0x5a2 build/./teensy4/HardwareSerial6.cpp.o
 .debug_abbrev  0x00000000000046eb      0x27b build/./teensy4/serialEvent7.cpp.o
 .debug_abbrev  0x0000000000004966      0x27b build/./teensy4/serialEvent5.cpp.o
 .debug_abbrev  0x0000000000004be1      0x5a2 build/./teensy4/HardwareSerial4.cpp.o
 .debug_abbrev  0x0000000000005183      0x5a2 build/./teensy4/HardwareSerial5.cpp.o
 .debug_abbrev  0x0000000000005725      0x27b build/./teensy4/serialEvent4.cpp.o
 .debug_abbrev  0x00000000000059a0      0x27b build/./teensy4/serialEvent.cpp.o
 .debug_abbrev  0x0000000000005c1b      0x62e build/./teensy4/HardwareSerial1.cpp.o
 .debug_abbrev  0x0000000000006249      0x27b build/./teensy4/serialEvent1.cpp.o
 .debug_abbrev  0x00000000000064c4      0x46f build/./teensy4/usb_serial2.c.o
 .debug_abbrev  0x0000000000006933      0x5a2 build/./teensy4/HardwareSerial2.cpp.o
 .debug_abbrev  0x0000000000006ed5      0x27b build/./teensy4/serialEvent3.cpp.o
 .debug_abbrev  0x0000000000007150      0x27b build/./teensy4/serialEvent2.cpp.o
 .debug_abbrev  0x00000000000073cb      0x5a2 build/./teensy4/HardwareSerial3.cpp.o
 .debug_abbrev  0x000000000000796d      0x1e2 build/./teensy4/sm_pool.c.o
 .debug_abbrev  0x0000000000007b4f      0x2c8 build/./teensy4/IntervalTimer.cpp.o
 .debug_abbrev  0x0000000000007e17      0x431 build/./teensy4/pwm.c.o
 .debug_abbrev  0x0000000000008248      0x496 build/./teensy4/usb_serial.c.o
 .debug_abbrev  0x00000000000086de      0x4b8 build/./teensy4/usb_inst.cpp.o
 .debug_abbrev  0x0000000000008b96      0x1cf build/./teensy4/usb_desc.c.o
 .debug_abbrev  0x0000000000008d65      0x6c0 build/./teensy4/yield.cpp.o
 .debug_abbrev  0x0000000000009425      0x4b4 build/./teensy4/startup.c.o
 .debug_abbrev  0x00000000000098d9      0x780 build/./teensy4/EventResponder.cpp.o
 .debug_abbrev  0x000000000000a059      0xacb build/./libraries/TeensyDebug/src/gdbstub.cpp.o
 .debug_abbrev  0x000000000000ab24      0x9eb build/./libraries/TeensyDebug/src/TeensyDebug.cpp.o
 .debug_abbrev  0x000000000000b50f      0x82e build/./libraries/MicroNMEA/src/MicroNMEA.cpp.o

.debug_line     0x0000000000000000    0x148c4
 *(.debug_line)
 .debug_line    0x0000000000000000      0xcc6 build/./user/main.cpp.o
 .debug_line    0x0000000000000cc6      0x50b build/./teensy4/clockspeed.c.o
 .debug_line    0x00000000000011d1      0xbb6 build/./teensy4/digital.c.o
 .debug_line    0x0000000000001d87      0x324 build/./teensy4/tempmon.c.o
 .debug_line    0x00000000000020ab       0xb0 build/./teensy4/bootdata.c.o
 .debug_line    0x000000000000215b     0x11c7 build/./teensy4/usb.c.o
 .debug_line    0x0000000000003322      0x59d build/./teensy4/Tone.cpp.o
 .debug_line    0x00000000000038bf      0x1c6 build/./teensy4/rtc.c.o
 .debug_line    0x0000000000003a85      0x444 build/./teensy4/analog.c.o
 .debug_line    0x0000000000003ec9      0x6ff build/./teensy4/nonstd.c.o
 .debug_line    0x00000000000045c8      0x29f build/./teensy4/serialEventUSB1.cpp.o
 .debug_line    0x0000000000004867      0x889 build/./teensy4/Print.cpp.o
 .debug_line    0x00000000000050f0      0x308 build/./teensy4/delay.c.o
 .debug_line    0x00000000000053f8      0x37e build/./teensy4/HardwareSerial8.cpp.o
 .debug_line    0x0000000000005776      0x29c build/./teensy4/serialEvent8.cpp.o
 .debug_line    0x0000000000005a12      0x29c build/./teensy4/serialEvent6.cpp.o
 .debug_line    0x0000000000005cae      0x37b build/./teensy4/HardwareSerial7.cpp.o
 .debug_line    0x0000000000006029     0x12d0 build/./teensy4/HardwareSerial.cpp.o
 .debug_line    0x00000000000072f9      0x37e build/./teensy4/HardwareSerial6.cpp.o
 .debug_line    0x0000000000007677      0x29c build/./teensy4/serialEvent7.cpp.o
 .debug_line    0x0000000000007913      0x29c build/./teensy4/serialEvent5.cpp.o
 .debug_line    0x0000000000007baf      0x37e build/./teensy4/HardwareSerial4.cpp.o
 .debug_line    0x0000000000007f2d      0x37e build/./teensy4/HardwareSerial5.cpp.o
 .debug_line    0x00000000000082ab      0x29c build/./teensy4/serialEvent4.cpp.o
 .debug_line    0x0000000000008547      0x29b build/./teensy4/serialEvent.cpp.o
 .debug_line    0x00000000000087e2      0x4fd build/./teensy4/HardwareSerial1.cpp.o
 .debug_line    0x0000000000008cdf      0x29c build/./teensy4/serialEvent1.cpp.o
 .debug_line    0x0000000000008f7b      0xace build/./teensy4/usb_serial2.c.o
 .debug_line    0x0000000000009a49      0x37e build/./teensy4/HardwareSerial2.cpp.o
 .debug_line    0x0000000000009dc7      0x29c build/./teensy4/serialEvent3.cpp.o
 .debug_line    0x000000000000a063      0x29c build/./teensy4/serialEvent2.cpp.o
 .debug_line    0x000000000000a2ff      0x37b build/./teensy4/HardwareSerial3.cpp.o
 .debug_line    0x000000000000a67a      0x38f build/./teensy4/sm_pool.c.o
 .debug_line    0x000000000000aa09      0x37b build/./teensy4/IntervalTimer.cpp.o
 .debug_line    0x000000000000ad84      0x97c build/./teensy4/pwm.c.o
 .debug_line    0x000000000000b700      0xb1e build/./teensy4/usb_serial.c.o
 .debug_line    0x000000000000c21e      0x43f build/./teensy4/usb_inst.cpp.o
 .debug_line    0x000000000000c65d      0x191 build/./teensy4/usb_desc.c.o
 .debug_line    0x000000000000c7ee      0x4ce build/./teensy4/yield.cpp.o
 .debug_line    0x000000000000ccbc     0x1106 build/./teensy4/startup.c.o
 .debug_line    0x000000000000ddc2      0xcf5 build/./teensy4/EventResponder.cpp.o
 .debug_line    0x000000000000eab7     0x2b77 build/./libraries/TeensyDebug/src/gdbstub.cpp.o
 .debug_line    0x000000000001162e     0x2159 build/./libraries/TeensyDebug/src/TeensyDebug.cpp.o
 .debug_line    0x0000000000013787     0x113d build/./libraries/MicroNMEA/src/MicroNMEA.cpp.o

.debug_frame    0x0000000000000000     0x298c
 *(.debug_frame)
 .debug_frame   0x0000000000000000       0x58 build/./user/main.cpp.o
 .debug_frame   0x0000000000000058       0x34 build/./teensy4/clockspeed.c.o
 .debug_frame   0x000000000000008c      0x1a8 build/./teensy4/digital.c.o
 .debug_frame   0x0000000000000234       0x80 build/./teensy4/tempmon.c.o
 .debug_frame   0x00000000000002b4      0x1e0 build/./teensy4/usb.c.o
 .debug_frame   0x0000000000000494       0xb0 build/./teensy4/Tone.cpp.o
 .debug_frame   0x0000000000000544       0x40 build/./teensy4/rtc.c.o
 .debug_frame   0x0000000000000584       0xa0 build/./teensy4/analog.c.o
 .debug_frame   0x0000000000000624       0x90 build/./teensy4/nonstd.c.o
 .debug_frame   0x00000000000006b4       0x20 build/./teensy4/serialEventUSB1.cpp.o
 .debug_frame   0x00000000000006d4      0x210 build/./teensy4/Print.cpp.o
 .debug_frame   0x00000000000008e4       0x54 build/./teensy4/delay.c.o
 .debug_frame   0x0000000000000938       0x3c build/./teensy4/HardwareSerial8.cpp.o
 .debug_frame   0x0000000000000974       0x20 build/./teensy4/serialEvent8.cpp.o
 .debug_frame   0x0000000000000994       0x20 build/./teensy4/serialEvent6.cpp.o
 .debug_frame   0x00000000000009b4       0x3c build/./teensy4/HardwareSerial7.cpp.o
 .debug_frame   0x00000000000009f0      0x210 build/./teensy4/HardwareSerial.cpp.o
 .debug_frame   0x0000000000000c00       0x3c build/./teensy4/HardwareSerial6.cpp.o
 .debug_frame   0x0000000000000c3c       0x20 build/./teensy4/serialEvent7.cpp.o
 .debug_frame   0x0000000000000c5c       0x20 build/./teensy4/serialEvent5.cpp.o
 .debug_frame   0x0000000000000c7c       0x3c build/./teensy4/HardwareSerial4.cpp.o
 .debug_frame   0x0000000000000cb8       0x3c build/./teensy4/HardwareSerial5.cpp.o
 .debug_frame   0x0000000000000cf4       0x20 build/./teensy4/serialEvent4.cpp.o
 .debug_frame   0x0000000000000d14       0x20 build/./teensy4/serialEvent.cpp.o
 .debug_frame   0x0000000000000d34       0xb8 build/./teensy4/HardwareSerial1.cpp.o
 .debug_frame   0x0000000000000dec       0x20 build/./teensy4/serialEvent1.cpp.o
 .debug_frame   0x0000000000000e0c      0x1fc build/./teensy4/usb_serial2.c.o
 .debug_frame   0x0000000000001008       0x3c build/./teensy4/HardwareSerial2.cpp.o
 .debug_frame   0x0000000000001044       0x20 build/./teensy4/serialEvent3.cpp.o
 .debug_frame   0x0000000000001064       0x20 build/./teensy4/serialEvent2.cpp.o
 .debug_frame   0x0000000000001084       0x3c build/./teensy4/HardwareSerial3.cpp.o
 .debug_frame   0x00000000000010c0       0xa4 build/./teensy4/sm_pool.c.o
 .debug_frame   0x0000000000001164       0x6c build/./teensy4/IntervalTimer.cpp.o
 .debug_frame   0x00000000000011d0      0x130 build/./teensy4/pwm.c.o
 .debug_frame   0x0000000000001300      0x20c build/./teensy4/usb_serial.c.o
 .debug_frame   0x000000000000150c      0x110 build/./teensy4/usb_inst.cpp.o
 .debug_frame   0x000000000000161c       0x34 build/./teensy4/usb_desc.c.o
 .debug_frame   0x0000000000001650       0x34 build/./teensy4/yield.cpp.o
 .debug_frame   0x0000000000001684      0x1d0 build/./teensy4/startup.c.o
 .debug_frame   0x0000000000001854      0x184 build/./teensy4/EventResponder.cpp.o
 .debug_frame   0x00000000000019d8      0x5d8 build/./libraries/TeensyDebug/src/gdbstub.cpp.o
 .debug_frame   0x0000000000001fb0      0x50c build/./libraries/TeensyDebug/src/TeensyDebug.cpp.o
 .debug_frame   0x00000000000024bc      0x244 build/./libraries/MicroNMEA/src/MicroNMEA.cpp.o
 .debug_frame   0x0000000000002700       0x20 /Applications/ARM/bin/../lib/gcc/arm-none-eabi/10.3.1/../../../../arm-none-eabi/lib/thumb/v7e-m+dp/hard/libc.a(lib_a-aeabi_atexit.o)
 .debug_frame   0x0000000000002720       0x20 /Applications/ARM/bin/../lib/gcc/arm-none-eabi/10.3.1/../../../../arm-none-eabi/lib/thumb/v7e-m+dp/hard/libc.a(lib_a-cxa_atexit.o)
 .debug_frame   0x0000000000002740       0x20 /Applications/ARM/bin/../lib/gcc/arm-none-eabi/10.3.1/../../../../arm-none-eabi/lib/thumb/v7e-m+dp/hard/libc.a(lib_a-errno.o)
 .debug_frame   0x0000000000002760       0x2c /Applications/ARM/bin/../lib/gcc/arm-none-eabi/10.3.1/../../../../arm-none-eabi/lib/thumb/v7e-m+dp/hard/libc.a(lib_a-init.o)
 .debug_frame   0x000000000000278c       0x20 /Applications/ARM/bin/../lib/gcc/arm-none-eabi/10.3.1/../../../../arm-none-eabi/lib/thumb/v7e-m+dp/hard/libc.a(lib_a-isspace.o)
 .debug_frame   0x00000000000027ac       0x2c /Applications/ARM/bin/../lib/gcc/arm-none-eabi/10.3.1/../../../../arm-none-eabi/lib/thumb/v7e-m+dp/hard/libc.a(lib_a-memset.o)
 .debug_frame   0x00000000000027d8       0x68 /Applications/ARM/bin/../lib/gcc/arm-none-eabi/10.3.1/../../../../arm-none-eabi/lib/thumb/v7e-m+dp/hard/libc.a(lib_a-strcmp.o)
 .debug_frame   0x0000000000002840       0x34 /Applications/ARM/bin/../lib/gcc/arm-none-eabi/10.3.1/../../../../arm-none-eabi/lib/thumb/v7e-m+dp/hard/libc.a(lib_a-__atexit.o)
 .debug_frame   0x0000000000002874       0x68 /Applications/ARM/bin/../lib/gcc/arm-none-eabi/10.3.1/../../../../arm-none-eabi/lib/thumb/v7e-m+dp/hard/libc.a(lib_a-__call_atexit.o)
 .debug_frame   0x00000000000028dc       0xb0 /Applications/ARM/bin/../lib/gcc/arm-none-eabi/10.3.1/../../../../arm-none-eabi/lib/thumb/v7e-m+dp/hard/libc.a(lib_a-lock.o)

.debug_str      0x0000000000000000     0x9263
 *(.debug_str)
 .debug_str     0x0000000000000000     0x2efe build/./user/main.cpp.o
                                       0x30c2 (size before relaxing)
 .debug_str     0x0000000000002efe      0xb4d build/./teensy4/clockspeed.c.o
                                        0xc58 (size before relaxing)
 .debug_str     0x0000000000003a4b      0x115 build/./teensy4/digital.c.o
                                        0xd67 (size before relaxing)
 .debug_str     0x0000000000003b60      0x8ea build/./teensy4/tempmon.c.o
                                       0x14b8 (size before relaxing)
 .debug_str     0x000000000000444a       0x57 build/./teensy4/bootdata.c.o
                                        0x1b7 (size before relaxing)
 .debug_str     0x00000000000044a1      0x56c build/./teensy4/usb.c.o
                                       0x19fd (size before relaxing)
 .debug_str     0x0000000000004a0d      0x3af build/./teensy4/Tone.cpp.o
                                       0x19e6 (size before relaxing)
 .debug_str     0x0000000000004dbc       0x34 build/./teensy4/rtc.c.o
                                        0xbad (size before relaxing)
 .debug_str     0x0000000000004df0       0xc1 build/./teensy4/analog.c.o
                                        0xc70 (size before relaxing)
 .debug_str     0x0000000000004eb1       0x77 build/./teensy4/nonstd.c.o
                                        0x209 (size before relaxing)
 .debug_str     0x0000000000004f28       0x5a build/./teensy4/serialEventUSB1.cpp.o
                                        0xdb1 (size before relaxing)
 .debug_str     0x0000000000004f82      0x494 build/./teensy4/Print.cpp.o
                                       0x2b74 (size before relaxing)
 .debug_str     0x0000000000005416       0x5a build/./teensy4/delay.c.o
                                        0x275 (size before relaxing)
 .debug_str     0x0000000000005470      0x2fc build/./teensy4/HardwareSerial8.cpp.o
                                       0x34b7 (size before relaxing)
 .debug_str     0x000000000000576c       0x38 build/./teensy4/serialEvent8.cpp.o
                                        0xda5 (size before relaxing)
 .debug_str     0x00000000000057a4       0x4e build/./teensy4/serialEvent6.cpp.o
                                        0xda5 (size before relaxing)
 .debug_str     0x00000000000057f2       0x79 build/./teensy4/HardwareSerial7.cpp.o
                                       0x34b7 (size before relaxing)
 .debug_str     0x000000000000586b      0x80f build/./teensy4/HardwareSerial.cpp.o
                                       0x3c45 (size before relaxing)
 .debug_str     0x000000000000607a       0x63 build/./teensy4/HardwareSerial6.cpp.o
                                       0x34b7 (size before relaxing)
 .debug_str     0x00000000000060dd       0x38 build/./teensy4/serialEvent7.cpp.o
                                        0xda5 (size before relaxing)
 .debug_str     0x0000000000006115       0x4e build/./teensy4/serialEvent5.cpp.o
                                        0xda5 (size before relaxing)
 .debug_str     0x0000000000006163       0x79 build/./teensy4/HardwareSerial4.cpp.o
                                       0x34b7 (size before relaxing)
 .debug_str     0x00000000000061dc       0x63 build/./teensy4/HardwareSerial5.cpp.o
                                       0x34b7 (size before relaxing)
 .debug_str     0x000000000000623f       0x38 build/./teensy4/serialEvent4.cpp.o
                                        0xda5 (size before relaxing)
 .debug_str     0x0000000000006277       0x3e build/./teensy4/serialEvent.cpp.o
                                        0xda1 (size before relaxing)
 .debug_str     0x00000000000062b5       0xbb build/./teensy4/HardwareSerial1.cpp.o
                                       0x3b86 (size before relaxing)
 .debug_str     0x0000000000006370       0x38 build/./teensy4/serialEvent1.cpp.o
                                        0xda5 (size before relaxing)
 .debug_str     0x00000000000063a8      0x254 build/./teensy4/usb_serial2.c.o
                                       0x17ee (size before relaxing)
 .debug_str     0x00000000000065fc       0x79 build/./teensy4/HardwareSerial2.cpp.o
                                       0x34b7 (size before relaxing)
 .debug_str     0x0000000000006675       0x4e build/./teensy4/serialEvent3.cpp.o
                                        0xda5 (size before relaxing)
 .debug_str     0x00000000000066c3       0x38 build/./teensy4/serialEvent2.cpp.o
                                        0xda5 (size before relaxing)
 .debug_str     0x00000000000066fb       0x63 build/./teensy4/HardwareSerial3.cpp.o
                                       0x34b7 (size before relaxing)
 .debug_str     0x000000000000675e       0xd5 build/./teensy4/sm_pool.c.o
                                        0x279 (size before relaxing)
 .debug_str     0x0000000000006833       0x5f build/./teensy4/IntervalTimer.cpp.o
                                       0x1762 (size before relaxing)
 .debug_str     0x0000000000006892      0x7f1 build/./teensy4/pwm.c.o
                                       0x149b (size before relaxing)
 .debug_str     0x0000000000007083       0xe4 build/./teensy4/usb_serial.c.o
                                       0x17ef (size before relaxing)
 .debug_str     0x0000000000007167       0xee build/./teensy4/usb_inst.cpp.o
                                       0x2791 (size before relaxing)
 .debug_str     0x0000000000007255      0x133 build/./teensy4/usb_desc.c.o
                                        0xd8c (size before relaxing)
 .debug_str     0x0000000000007388      0x769 build/./teensy4/yield.cpp.o
                                       0x2e5b (size before relaxing)
 .debug_str     0x0000000000007af1      0x382 build/./teensy4/startup.c.o
                                       0x1103 (size before relaxing)
 .debug_str     0x0000000000007e73      0x16b build/./teensy4/EventResponder.cpp.o
                                       0x170b (size before relaxing)
 .debug_str     0x0000000000007fde      0x79f build/./libraries/TeensyDebug/src/gdbstub.cpp.o
                                       0x394a (size before relaxing)
 .debug_str     0x000000000000877d      0xa4c build/./libraries/TeensyDebug/src/TeensyDebug.cpp.o
                                       0x3b25 (size before relaxing)
 .debug_str     0x00000000000091c9       0x9a build/./libraries/MicroNMEA/src/MicroNMEA.cpp.o
                                       0x2e08 (size before relaxing)

.debug_loc      0x0000000000000000    0x141ef
 *(.debug_loc)
 .debug_loc     0x0000000000000000      0xf10 build/./user/main.cpp.o
 .debug_loc     0x0000000000000f10      0x363 build/./teensy4/clockspeed.c.o
 .debug_loc     0x0000000000001273     0x12ea build/./teensy4/digital.c.o
 .debug_loc     0x000000000000255d      0x1a5 build/./teensy4/tempmon.c.o
 .debug_loc     0x0000000000002702     0x12df build/./teensy4/usb.c.o
 .debug_loc     0x00000000000039e1      0x37d build/./teensy4/Tone.cpp.o
 .debug_loc     0x0000000000003d5e       0x93 build/./teensy4/rtc.c.o
 .debug_loc     0x0000000000003df1      0x205 build/./teensy4/analog.c.o
 .debug_loc     0x0000000000003ff6      0xc03 build/./teensy4/nonstd.c.o
 .debug_loc     0x0000000000004bf9      0xf99 build/./teensy4/Print.cpp.o
 .debug_loc     0x0000000000005b92      0x37b build/./teensy4/delay.c.o
 .debug_loc     0x0000000000005f0d      0x112 build/./teensy4/HardwareSerial8.cpp.o
 .debug_loc     0x000000000000601f      0x112 build/./teensy4/HardwareSerial7.cpp.o
 .debug_loc     0x0000000000006131     0x103f build/./teensy4/HardwareSerial.cpp.o
 .debug_loc     0x0000000000007170      0x112 build/./teensy4/HardwareSerial6.cpp.o
 .debug_loc     0x0000000000007282      0x112 build/./teensy4/HardwareSerial4.cpp.o
 .debug_loc     0x0000000000007394      0x112 build/./teensy4/HardwareSerial5.cpp.o
 .debug_loc     0x00000000000074a6      0x3f7 build/./teensy4/HardwareSerial1.cpp.o
 .debug_loc     0x000000000000789d      0xb66 build/./teensy4/usb_serial2.c.o
 .debug_loc     0x0000000000008403      0x112 build/./teensy4/HardwareSerial2.cpp.o
 .debug_loc     0x0000000000008515      0x112 build/./teensy4/HardwareSerial3.cpp.o
 .debug_loc     0x0000000000008627      0x43e build/./teensy4/sm_pool.c.o
 .debug_loc     0x0000000000008a65      0x2c5 build/./teensy4/IntervalTimer.cpp.o
 .debug_loc     0x0000000000008d2a      0xa4b build/./teensy4/pwm.c.o
 .debug_loc     0x0000000000009775      0xb86 build/./teensy4/usb_serial.c.o
 .debug_loc     0x000000000000a2fb      0x348 build/./teensy4/usb_inst.cpp.o
 .debug_loc     0x000000000000a643       0x85 build/./teensy4/usb_desc.c.o
 .debug_loc     0x000000000000a6c8      0x120 build/./teensy4/yield.cpp.o
 .debug_loc     0x000000000000a7e8      0x683 build/./teensy4/startup.c.o
 .debug_loc     0x000000000000ae6b      0x7e5 build/./teensy4/EventResponder.cpp.o
 .debug_loc     0x000000000000b650     0x44f4 build/./libraries/TeensyDebug/src/gdbstub.cpp.o